Component: Arm Compiler for Embedded 6.18 Tool: armlink [5e4cc100]

==============================================================================

Section Cross References

    startup_stm32f103xb.o(STACK) refers (Special) to heapauxi.o(.text) for __use_two_region_memory
    startup_stm32f103xb.o(HEAP) refers (Special) to heapauxi.o(.text) for __use_two_region_memory
    startup_stm32f103xb.o(RESET) refers (Special) to heapauxi.o(.text) for __use_two_region_memory
    startup_stm32f103xb.o(RESET) refers to startup_stm32f103xb.o(STACK) for __initial_sp
    startup_stm32f103xb.o(RESET) refers to startup_stm32f103xb.o(.text) for Reset_Handler
    startup_stm32f103xb.o(RESET) refers to stm32f1xx_it.o(.text.NMI_Handler) for NMI_Handler
    startup_stm32f103xb.o(RESET) refers to stm32f1xx_it.o(.text.HardFault_Handler) for HardFault_Handler
    startup_stm32f103xb.o(RESET) refers to stm32f1xx_it.o(.text.MemManage_Handler) for MemManage_Handler
    startup_stm32f103xb.o(RESET) refers to stm32f1xx_it.o(.text.BusFault_Handler) for BusFault_Handler
    startup_stm32f103xb.o(RESET) refers to stm32f1xx_it.o(.text.UsageFault_Handler) for UsageFault_Handler
    startup_stm32f103xb.o(RESET) refers to stm32f1xx_it.o(.text.SVC_Handler) for SVC_Handler
    startup_stm32f103xb.o(RESET) refers to stm32f1xx_it.o(.text.DebugMon_Handler) for DebugMon_Handler
    startup_stm32f103xb.o(RESET) refers to stm32f1xx_it.o(.text.PendSV_Handler) for PendSV_Handler
    startup_stm32f103xb.o(RESET) refers to stm32f1xx_it.o(.text.SysTick_Handler) for SysTick_Handler
    startup_stm32f103xb.o(RESET) refers to stm32f1xx_it.o(.text.DMA1_Channel6_IRQHandler) for DMA1_Channel6_IRQHandler
    startup_stm32f103xb.o(RESET) refers to stm32f1xx_it.o(.text.DMA1_Channel7_IRQHandler) for DMA1_Channel7_IRQHandler
    startup_stm32f103xb.o(RESET) refers to stm32f1xx_it.o(.text.EXTI9_5_IRQHandler) for EXTI9_5_IRQHandler
    startup_stm32f103xb.o(RESET) refers to stm32f1xx_it.o(.text.TIM4_IRQHandler) for TIM4_IRQHandler
    startup_stm32f103xb.o(RESET) refers to stm32f1xx_it.o(.text.USART2_IRQHandler) for USART2_IRQHandler
    startup_stm32f103xb.o(.text) refers (Special) to heapauxi.o(.text) for __use_two_region_memory
    startup_stm32f103xb.o(.text) refers to system_stm32f1xx.o(.text.SystemInit) for SystemInit
    startup_stm32f103xb.o(.text) refers to __main.o(!!!main) for __main
    startup_stm32f103xb.o(.text) refers to startup_stm32f103xb.o(HEAP) for Heap_Mem
    startup_stm32f103xb.o(.text) refers to startup_stm32f103xb.o(STACK) for Stack_Mem
    main.o(.text) refers (Special) to _printf_percent.o(.ARM.Collect$$_printf_percent$$00000000) for _printf_percent
    main.o(.text) refers (Special) to _printf_d.o(.ARM.Collect$$_printf_percent$$00000009) for _printf_d
    main.o(.text) refers (Special) to _printf_f.o(.ARM.Collect$$_printf_percent$$00000003) for _printf_f
    main.o(.text) refers (Special) to _printf_dec.o(.text) for _printf_int_dec
    main.o(.text) refers (Special) to printf1.o(x$fpl$printf1) for _printf_fp_dec
    main.o(.text.HAL_UARTEx_RxEventCallback) refers (Special) to _printf_percent.o(.ARM.Collect$$_printf_percent$$00000000) for _printf_percent
    main.o(.text.HAL_UARTEx_RxEventCallback) refers (Special) to _printf_d.o(.ARM.Collect$$_printf_percent$$00000009) for _printf_d
    main.o(.text.HAL_UARTEx_RxEventCallback) refers (Special) to _printf_f.o(.ARM.Collect$$_printf_percent$$00000003) for _printf_f
    main.o(.text.HAL_UARTEx_RxEventCallback) refers (Special) to _printf_dec.o(.text) for _printf_int_dec
    main.o(.text.HAL_UARTEx_RxEventCallback) refers (Special) to printf1.o(x$fpl$printf1) for _printf_fp_dec
    main.o(.text.HAL_UARTEx_RxEventCallback) refers to usart.o(.bss.huart2) for huart2
    main.o(.text.HAL_UARTEx_RxEventCallback) refers to main.o(.bss..L_MergedGlobals.12) for .L_MergedGlobals.12
    main.o(.text.HAL_UARTEx_RxEventCallback) refers to main.o(.data..L_MergedGlobals) for .L_MergedGlobals
    main.o(.text.HAL_UARTEx_RxEventCallback) refers to stm32f1xx_hal_uart.o(.text.HAL_UARTEx_ReceiveToIdle_DMA) for HAL_UARTEx_ReceiveToIdle_DMA
    main.o(.ARM.exidx.text.HAL_UARTEx_RxEventCallback) refers (Special) to _printf_percent.o(.ARM.Collect$$_printf_percent$$00000000) for _printf_percent
    main.o(.ARM.exidx.text.HAL_UARTEx_RxEventCallback) refers (Special) to _printf_d.o(.ARM.Collect$$_printf_percent$$00000009) for _printf_d
    main.o(.ARM.exidx.text.HAL_UARTEx_RxEventCallback) refers (Special) to _printf_f.o(.ARM.Collect$$_printf_percent$$00000003) for _printf_f
    main.o(.ARM.exidx.text.HAL_UARTEx_RxEventCallback) refers (Special) to _printf_dec.o(.text) for _printf_int_dec
    main.o(.ARM.exidx.text.HAL_UARTEx_RxEventCallback) refers (Special) to printf1.o(x$fpl$printf1) for _printf_fp_dec
    main.o(.ARM.exidx.text.HAL_UARTEx_RxEventCallback) refers to main.o(.text.HAL_UARTEx_RxEventCallback) for [Anonymous Symbol]
[...]
    st                                       0x2000001c   Data          44  inv_mpu.o(.data..L_MergedGlobals)
    .bss                                     0x20000050   Section       96  libspace.o(.bss)
    .L_MergedGlobals                         0x200000b0   Data          16  inv_mpu_dmp_motion_driver.o(.bss..L_MergedGlobals)
    dmp.5                                    0x200000b0   Data           1  inv_mpu_dmp_motion_driver.o(.bss..L_MergedGlobals)
    [Anonymous Symbol]                       0x200000b0   Section        0  inv_mpu_dmp_motion_driver.o(.bss..L_MergedGlobals)
    dmp.3                                    0x200000b4   Data           2  inv_mpu_dmp_motion_driver.o(.bss..L_MergedGlobals)
    dmp.0                                    0x200000b8   Data           4  inv_mpu_dmp_motion_driver.o(.bss..L_MergedGlobals)
    dmp.1                                    0x200000bc   Data           4  inv_mpu_dmp_motion_driver.o(.bss..L_MergedGlobals)
    .L_MergedGlobals.12                      0x200000c0   Data         124  main.o(.bss..L_MergedGlobals.12)
    [Anonymous Symbol]                       0x200000c0   Section        0  main.o(.bss..L_MergedGlobals.12)
    .L_MergedGlobals.13                      0x2000013c   Data         120  main.o(.bss..L_MergedGlobals.13)
    [Anonymous Symbol]                       0x2000013c   Section        0  main.o(.bss..L_MergedGlobals.13)
    dmp.2                                    0x200001b4   Data           2  inv_mpu_dmp_motion_driver.o(.bss.dmp.2)
    [Anonymous Symbol]                       0x200001b4   Section        0  inv_mpu_dmp_motion_driver.o(.bss.dmp.2)
    dmp.4                                    0x200001b8   Data           2  inv_mpu_dmp_motion_driver.o(.bss.dmp.4)
    [Anonymous Symbol]                       0x200001b8   Section        0  inv_mpu_dmp_motion_driver.o(.bss.dmp.4)
    Heap_Mem                                 0x200003b0   Data         512  startup_stm32f103xb.o(HEAP)
    HEAP                                     0x200003b0   Section      512  startup_stm32f103xb.o(HEAP)
    Stack_Mem                                0x200005b0   Data        1024  startup_stm32f103xb.o(STACK)
    STACK                                    0x200005b0   Section     1024  startup_stm32f103xb.o(STACK)
    __initial_sp                             0x200009b0   Data           0  startup_stm32f103xb.o(STACK)

    Global Symbols

    Symbol Name                              Value     Ov Type        Size  Object(Section)

    BuildAttributes$$THM_ISAv4$P$D$K$B$S$PE$A:L22UL41UL21$X:L11$S22US41US21$IEEE1$IW$~IW$USESV6$~STKCKD$USESV7$~SHL$OTIME$ROPI$IEEEX$EBA8$UX$STANDARDLIB$REQ8$PRES8$EABIv2 0x00000000   Number         0  anon$$obj.o ABSOLUTE
    __fp_init_empty                          0x00000000   Number         0  fpinit_empty.o ABSOLUTE
    _printf_flags                            0x00000000   Number         0  printf_stubs.o ABSOLUTE
    _printf_return_value                     0x00000000   Number         0  printf_stubs.o ABSOLUTE
    _printf_sizespec                         0x00000000   Number         0  printf_stubs.o ABSOLUTE
    _printf_widthprec                        0x00000000   Number         0  printf_stubs.o ABSOLUTE
    __ARM_exceptions_init                     - Undefined Weak Reference
    __alloca_initialize                       - Undefined Weak Reference
    __arm_preinit_                            - Undefined Weak Reference
    __arm_relocate_pie_                       - Undefined Weak Reference
    __cpp_initialize__aeabi_                  - Undefined Weak Reference
    __cxa_finalize                            - Undefined Weak Reference
    __sigvec_lookup                           - Undefined Weak Reference
    _atexit_init                              - Undefined Weak Reference
    _call_atexit_fns                          - Undefined Weak Reference
    _clock_init                               - Undefined Weak Reference
    _fp_trap_init                             - Undefined Weak Reference
    _fp_trap_shutdown                         - Undefined Weak Reference
    _get_lc_collate                           - Undefined Weak Reference
    _get_lc_ctype                             - Undefined Weak Reference
    _get_lc_monetary                          - Undefined Weak Reference
    _get_lc_time                              - Undefined Weak Reference
    _getenv_init                              - Undefined Weak Reference
    _handle_redirection                       - Undefined Weak Reference
    _init_alloc                               - Undefined Weak Reference
    _init_user_alloc                          - Undefined Weak Reference
    _initio                                   - Undefined Weak Reference
    _printf_post_padding                      - Undefined Weak Reference
    _printf_pre_padding                       - Undefined Weak Reference
    _printf_truncate_signed                   - Undefined Weak Reference
    _printf_truncate_unsigned                 - Undefined Weak Reference
    _rand_init                                - Undefined Weak Reference
    _signal_finish                            - Undefined Weak Reference
    _signal_init                              - Undefined Weak Reference
    _terminate_alloc                          - Undefined Weak Reference
    _terminate_user_alloc                     - Undefined Weak Reference
    _terminateio                              - Undefined Weak Reference
    __Vectors_Size                           0x000000ec   Number         0  startup_stm32f103xb.o ABSOLUTE
    __Vectors                                0x08000000   Data           4  startup_stm32f103xb.o(RESET)
    __Vectors_End                            0x080000ec   Data           0  startup_stm32f103xb.o(RESET)
    __main                                   0x080000ed   Thumb Code     8  __main.o(!!!main)
    __scatterload                            0x080000f5   Thumb Code     0  __scatter.o(!!!scatter)
    __scatterload_rt2                        0x080000f5   Thumb Code    44  __scatter.o(!!!scatter)
    __scatterload_rt2_thumb_only             0x080000f5   Thumb Code     0  __scatter.o(!!!scatter)
    __scatterload_null                       0x08000103   Thumb Code     0  __scatter.o(!!!scatter)
    __scatterload_copy                       0x08000129   Thumb Code    26  __scatter_copy.o(!!handler_copy)
    __scatterload_zeroinit                   0x08000145   Thumb Code    28  __scatter_zi.o(!!handler_zi)
    _printf_f                                0x08000161   Thumb Code     0  _printf_f.o(.ARM.Collect$$_printf_percent$$00000003)
    _printf_percent                          0x08000161   Thumb Code     0  _printf_percent.o(.ARM.Collect$$_printf_percent$$00000000)
    _printf_d                                0x08000167   Thumb Code     0  _printf_d.o(.ARM.Collect$$_printf_percent$$00000009)
    _printf_percent_end                      0x0800016d   Thumb Code     0  _printf_percent_end.o(.ARM.Collect$$_printf_percent$$00000017)
    __rt_lib_init                            0x08000171   Thumb Code     0  libinit.o(.ARM.Collect$$libinit$$00000000)
    __rt_lib_init_fp_1                       0x08000173   Thumb Code     0  libinit2.o(.ARM.Collect$$libinit$$00000002)
    __rt_lib_init_heap_1                     0x08000173   Thumb Code     0  libinit2.o(.ARM.Collect$$libinit$$0000000C)
    __rt_lib_init_lc_common                  0x08000173   Thumb Code     0  libinit2.o(.ARM.Collect$$libinit$$00000011)
    __rt_lib_init_preinit_1                  0x08000173   Thumb Code     0  libinit2.o(.ARM.Collect$$libinit$$00000006)
    __rt_lib_init_rand_1                     0x08000173   Thumb Code     0  libinit2.o(.ARM.Collect$$libinit$$00000010)
    __rt_lib_init_relocate_pie_1             0x08000173   Thumb Code     0  libinit2.o(.ARM.Collect$$libinit$$00000004)
    __rt_lib_init_user_alloc_1               0x08000173   Thumb Code     0  libinit2.o(.ARM.Collect$$libinit$$0000000E)
    __rt_lib_init_lc_collate_1               0x08000179   Thumb Code     0  libinit2.o(.ARM.Collect$$libinit$$00000013)
    __rt_lib_init_lc_ctype_1                 0x08000179   Thumb Code     0  libinit2.o(.ARM.Collect$$libinit$$00000015)
    __rt_lib_init_lc_monetary_1              0x08000179   Thumb Code     0  libinit2.o(.ARM.Collect$$libinit$$00000017)
    __rt_lib_init_lc_numeric_2               0x08000179   Thumb Code     0  libinit2.o(.ARM.Collect$$libinit$$00000018)
    __rt_lib_init_alloca_1                   0x08000183   Thumb Code     0  libinit2.o(.ARM.Collect$$libinit$$00000030)
    __rt_lib_init_argv_1                     0x08000183   Thumb Code     0  libinit2.o(.ARM.Collect$$libinit$$0000002E)
    __rt_lib_init_atexit_1                   0x08000183   Thumb Code     0  libinit2.o(.ARM.Collect$$libinit$$0000001D)
    __rt_lib_init_clock_1                    0x08000183   Thumb Code     0  libinit2.o(.ARM.Collect$$libinit$$00000023)
    __rt_lib_init_cpp_1                      0x08000183   Thumb Code     0  libinit2.o(.ARM.Collect$$libinit$$00000034)
    __rt_lib_init_exceptions_1               0x08000183   Thumb Code     0  libinit2.o(.ARM.Collect$$libinit$$00000032)
    __rt_lib_init_fp_trap_1                  0x08000183   Thumb Code     0  libinit2.o(.ARM.Collect$$libinit$$00000021)
    __rt_lib_init_getenv_1                   0x08000183   Thumb Code     0  libinit2.o(.ARM.Collect$$libinit$$00000025)
    __rt_lib_init_lc_numeric_1               0x08000183   Thumb Code     0  libinit2.o(.ARM.Collect$$libinit$$00000019)
    __rt_lib_init_lc_time_1                  0x08000183   Thumb Code     0  libinit2.o(.ARM.Collect$$libinit$$0000001B)
    __rt_lib_init_return                     0x08000183   Thumb Code     0  libinit2.o(.ARM.Collect$$libinit$$00000035)
    __rt_lib_init_signal_1                   0x08000183   Thumb Code     0  libinit2.o(.ARM.Collect$$libinit$$0000001F)
    __rt_lib_init_stdio_1                    0x08000183   Thumb Code     0  libinit2.o(.ARM.Collect$$libinit$$00000027)
    __rt_lib_shutdown                        0x08000185   Thumb Code     0  libshutdown.o(.ARM.Collect$$libshutdown$$00000000)
    __rt_lib_shutdown_cpp_1                  0x08000187   Thumb Code     0  libshutdown2.o(.ARM.Collect$$libshutdown$$00000002)
    __rt_lib_shutdown_fp_trap_1              0x08000187   Thumb Code     0  libshutdown2.o(.ARM.Collect$$libshutdown$$00000007)
    __rt_lib_shutdown_heap_1                 0x08000187   Thumb Code     0  libshutdown2.o(.ARM.Collect$$libshutdown$$0000000F)
    __rt_lib_shutdown_return                 0x08000187   Thumb Code     0  libshutdown2.o(.ARM.Collect$$libshutdown$$00000010)
    __rt_lib_shutdown_signal_1               0x08000187   Thumb Code     0  libshutdown2.o(.ARM.Collect$$libshutdown$$0000000A)
    __rt_lib_shutdown_stdio_1                0x08000187   Thumb Code     0  libshutdown2.o(.ARM.Collect$$libshutdown$$00000004)
    __rt_lib_shutdown_user_alloc_1           0x08000187   Thumb Code     0  libshutdown2.o(.ARM.Collect$$libshutdown$$0000000C)
    __rt_entry                               0x08000189   Thumb Code     0  __rtentry.o(.ARM.Collect$$rtentry$$00000000)
    __rt_entry_presh_1                       0x08000189   Thumb Code     0  __rtentry2.o(.ARM.Collect$$rtentry$$00000002)
    __rt_entry_sh                            0x08000189   Thumb Code     0  __rtentry4.o(.ARM.Collect$$rtentry$$00000004)
    __rt_entry_li                            0x0800018f   Thumb Code     0  __rtentry2.o(.ARM.Collect$$rtentry$$0000000A)
    __rt_entry_postsh_1                      0x0800018f   Thumb Code     0  __rtentry2.o(.ARM.Collect$$rtentry$$00000009)
    __rt_entry_main                          0x08000193   Thumb Code     0  __rtentry2.o(.ARM.Collect$$rtentry$$0000000D)
    __rt_entry_postli_1                      0x08000193   Thumb Code     0  __rtentry2.o(.ARM.Collect$$rtentry$$0000000C)
    __rt_exit                                0x0800019b   Thumb Code     0  rtexit.o(.ARM.Collect$$rtexit$$00000000)
    __rt_exit_ls                             0x0800019d   Thumb Code     0  rtexit2.o(.ARM.Collect$$rtexit$$00000003)
    __rt_exit_prels_1                        0x0800019d   Thumb Code     0  rtexit2.o(.ARM.Collect$$rtexit$$00000002)
    __rt_exit_exit                           0x080001a1   Thumb Code     0  rtexit2.o(.ARM.Collect$$rtexit$$00000004)
    Reset_Handler                            0x080001a9   Thumb Code     8  startup_stm32f103xb.o(.text)
    ADC1_2_IRQHandler                        0x080001c3   Thumb Code     0  startup_stm32f103xb.o(.text)
    CAN1_RX1_IRQHandler                      0x080001c3   Thumb Code     0  startup_stm32f103xb.o(.text)
    CAN1_SCE_IRQHandler                      0x080001c3   Thumb Code     0  startup_stm32f103xb.o(.text)
    DMA1_Channel1_IRQHandler                 0x080001c3   Thumb Code     0  startup_stm32f103xb.o(.text)
    DMA1_Channel2_IRQHandler                 0x080001c3   Thumb Code     0  startup_stm32f103xb.o(.text)
    DMA1_Channel3_IRQHandler                 0x080001c3   Thumb Code     0  startup_stm32f103xb.o(.text)
    DMA1_Channel4_IRQHandler                 0x080001c3   Thumb Code     0  startup_stm32f103xb.o(.text)
    DMA1_Channel5_IRQHandler                 0x080001c3   Thumb Code     0  startup_stm32f103xb.o(.text)
    EXTI0_IRQHandler                         0x080001c3   Thumb Code     0  startup_stm32f103xb.o(.text)
    EXTI15_10_IRQHandler                     0x080001c3   Thumb Code     0  startup_stm32f103xb.o(.text)
    EXTI1_IRQHandler                         0x080001c3   Thumb Code     0  startup_stm32f103xb.o(.text)
    EXTI2_IRQHandler                         0x080001c3   Thumb Code     0  startup_stm32f103xb.o(.text)
    EXTI3_IRQHandler                         0x080001c3   Thumb Code     0  startup_stm32f103xb.o(.text)
    EXTI4_IRQHandler                         0x080001c3   Thumb Code     0  startup_stm32f103xb.o(.text)
    FLASH_IRQHandler                         0x080001c3   Thumb Code     0  startup_stm32f103xb.o(.text)
    I2C1_ER_IRQHandler                       0x080001c3   Thumb Code     0  startup_stm32f103xb.o(.text)
    I2C1_EV_IRQHandler                       0x080001c3   Thumb Code     0  startup_stm32f103xb.o(.text)
    I2C2_ER_IRQHandler                       0x080001c3   Thumb Code     0  startup_stm32f103xb.o(.text)
    I2C2_EV_IRQHandler                       0x080001c3   Thumb Code     0  startup_stm32f103xb.o(.text)
    PVD_IRQHandler                           0x080001c3   Thumb Code     0  startup_stm32f103xb.o(.text)
    RCC_IRQHandler                           0x080001c3   Thumb Code     0  startup_stm32f103xb.o(.text)
    RTC_Alarm_IRQHandler                     0x080001c3   Thumb Code     0  startup_stm32f103xb.o(.text)
    RTC_IRQHandler                           0x080001c3   Thumb Code     0  startup_stm32f103xb.o(.text)
    SPI1_IRQHandler                          0x080001c3   Thumb Code     0  startup_stm32f103xb.o(.text)
    SPI2_IRQHandler                          0x080001c3   Thumb Code     0  startup_stm32f103xb.o(.text)
    TAMPER_IRQHandler                        0x080001c3   Thumb Code     0  startup_stm32f103xb.o(.text)
    TIM1_BRK_IRQHandler                      0x080001c3   Thumb Code     0  startup_stm32f103xb.o(.text)
    TIM1_CC_IRQHandler                       0x080001c3   Thumb Code     0  startup_stm32f103xb.o(.text)
    TIM1_TRG_COM_IRQHandler                  0x080001c3   Thumb Code     0  startup_stm32f103xb.o(.text)
    TIM1_UP_IRQHandler                       0x080001c3   Thumb Code     0  startup_stm32f103xb.o(.text)
    TIM2_IRQHandler                          0x080001c3   Thumb Code     0  startup_stm32f103xb.o(.text)
    TIM3_IRQHandler                          0x080001c3   Thumb Code     0  startup_stm32f103xb.o(.text)
    USART1_IRQHandler                        0x080001c3   Thumb Code     0  startup_stm32f103xb.o(.text)
    USART3_IRQHandler                        0x080001c3   Thumb Code     0  startup_stm32f103xb.o(.text)
    USBWakeUp_IRQHandler                     0x080001c3   Thumb Code     0  startup_stm32f103xb.o(.text)
    USB_HP_CAN1_TX_IRQHandler                0x080001c3   Thumb Code     0  startup_stm32f103xb.o(.text)
    USB_LP_CAN1_RX0_IRQHandler               0x080001c3   Thumb Code     0  startup_stm32f103xb.o(.text)
    WWDG_IRQHandler                          0x080001c3   Thumb Code     0  startup_stm32f103xb.o(.text)
    __user_initial_stackheap                 0x080001c5   Thumb Code     0  startup_stm32f103xb.o(.text)
    __aeabi_ldivmod                          0x080001e9   Thumb Code     0  llsdiv.o(.text)
    _ll_sdiv                                 0x080001e9   Thumb Code   116  llsdiv.o(.text)
    __2sprintf                               0x0800025d   Thumb Code    34  noretval__2sprintf.o(.text)
    _printf_int_dec                          0x08000285   Thumb Code   104  _printf_dec.o(.text)
    __printf                                 0x080002fd   Thumb Code   270  __printf_wp.o(.text)
    memcmp                                   0x0800040b   Thumb Code    88  memcmp.o(.text)
    __aeabi_memclr4                          0x08000463   Thumb Code     0  rt_memclr_w.o(.text)
    __aeabi_memclr8                          0x08000463   Thumb Code     0  rt_memclr_w.o(.text)
    __rt_memclr_w                            0x08000463   Thumb Code     0  rt_memclr_w.o(.text)
    _memset_w                                0x08000467   Thumb Code    74  rt_memclr_w.o(.text)
    __use_two_region_memory                  0x080004b1   Thumb Code     2  heapauxi.o(.text)
    __rt_heap_escrow$2region                 0x080004b3   Thumb Code     2  heapauxi.o(.text)
    __rt_heap_expand$2region                 0x080004b5   Thumb Code     2  heapauxi.o(.text)
    __aeabi_uldivmod                         0x080004b7   Thumb Code     0  lludivv7m.o(.text)
    _ll_udiv                                 0x080004b7   Thumb Code   240  lludivv7m.o(.text)
    __read_errno                             0x080005a7   Thumb Code    10  _rserrno.o(.text)
    __set_errno                              0x080005b1   Thumb Code    12  _rserrno.o(.text)
    _printf_int_common                       0x080005bd   Thumb Code   178  _printf_intcommon.o(.text)
    _printf_fp_dec_real                      0x0800081f   Thumb Code   620  _printf_fp_dec.o(.text)
    _printf_char_common                      0x08000a97   Thumb Code    32  _printf_char_common.o(.text)
    _sputc                                   0x08000abd   Thumb Code    10  _sputc.o(.text)
    __rt_locale                              0x08000ac9   Thumb Code     8  rt_locale_intlibspace.o(.text)
    __aeabi_errno_addr                       0x08000ad1   Thumb Code     8  rt_errno_addr_intlibspace.o(.text)
    __errno$intlibspace                      0x08000ad1   Thumb Code     0  rt_errno_addr_intlibspace.o(.text)
    __rt_errno_addr$intlibspace              0x08000ad1   Thumb Code     0  rt_errno_addr_intlibspace.o(.text)
    _ll_udiv10                               0x08000ad9   Thumb Code   138  lludiv10.o(.text)
    _printf_fp_infnan                        0x08000b65   Thumb Code   112  _printf_fp_infnan.o(.text)
    _btod_etento                             0x08000be5   Thumb Code   224  bigflt0.o(.text)
    __user_libspace                          0x08000cc9   Thumb Code     8  libspace.o(.text)
    __user_perproc_libspace                  0x08000cc9   Thumb Code     0  libspace.o(.text)
    __user_perthread_libspace                0x08000cc9   Thumb Code     0  libspace.o(.text)
    __user_setup_stackheap                   0x08000cd1   Thumb Code    74  sys_stackheap_outer.o(.text)
    exit                                     0x08000d1b   Thumb Code    18  exit.o(.text)
    strcmp                                   0x08000d2d   Thumb Code   128  strcmpv7m.o(.text)
    _sys_exit                                0x08000dad   Thumb Code     8  sys_exit.o(.text)
    __I$use$semihosting                      0x08000db9   Thumb Code     0  use_no_semi.o(.text)
    __use_no_semihosting_swi                 0x08000db9   Thumb Code     2  use_no_semi.o(.text)
    __semihosting_library_function           0x08000dbb   Thumb Code     0  indicate_semi.o(.text)
    BusFault_Handler                         0x08000dbd   Thumb Code     2  stm32f1xx_it.o(.text.BusFault_Handler)
    DMA1_Channel6_IRQHandler                 0x08000dc1   Thumb Code    12  stm32f1xx_it.o(.text.DMA1_Channel6_IRQHandler)
    DMA1_Channel7_IRQHandler                 0x08000dcd   Thumb Code    12  stm32f1xx_it.o(.text.DMA1_Channel7_IRQHandler)
    DebugMon_Handler                         0x08000dd9   Thumb Code     2  stm32f1xx_it.o(.text.DebugMon_Handler)
    EXTI9_5_IRQHandler                       0x08000ddd   Thumb Code     8  stm32f1xx_it.o(.text.EXTI9_5_IRQHandler)
    Error_Handler                            0x08000de5   Thumb Code    10  main.o(.text.Error_Handler)
    HAL_DMA_Abort                            0x08000df1   Thumb Code    70  stm32f1xx_hal_dma.o(.text.HAL_DMA_Abort)
    HAL_DMA_Abort_IT                         0x08000e39   Thumb Code   178  stm32f1xx_hal_dma.o(.text.HAL_DMA_Abort_IT)
    HAL_DMA_IRQHandler                       0x08000eed   Thumb Code   416  stm32f1xx_hal_dma.o(.text.HAL_DMA_IRQHandler)
    HAL_DMA_Init                             0x0800108d   Thumb Code   136  stm32f1xx_hal_dma.o(.text.HAL_DMA_Init)
    HAL_DMA_Start_IT                         0x08001115   Thumb Code   156  stm32f1xx_hal_dma.o(.text.HAL_DMA_Start_IT)
    HAL_Delay                                0x080011b1   Thumb Code    40  stm32f1xx_hal.o(.text.HAL_Delay)
    HAL_GPIO_EXTI_Callback                   0x080011d9   Thumb Code    22  main.o(.text.HAL_GPIO_EXTI_Callback)
    HAL_GPIO_EXTI_IRQHandler                 0x080011f1   Thumb Code    22  stm32f1xx_hal_gpio.o(.text.HAL_GPIO_EXTI_IRQHandler)
    HAL_GPIO_Init                            0x08001209   Thumb Code   530  stm32f1xx_hal_gpio.o(.text.HAL_GPIO_Init)
    HAL_GPIO_ReadPin                         0x0800141d   Thumb Code    10  stm32f1xx_hal_gpio.o(.text.HAL_GPIO_ReadPin)
    HAL_GPIO_WritePin                        0x08001429   Thumb Code    10  stm32f1xx_hal_gpio.o(.text.HAL_GPIO_WritePin)
    HAL_GetTick                              0x08001435   Thumb Code    12  stm32f1xx_hal.o(.text.HAL_GetTick)
    HAL_IncTick                              0x08001441   Thumb Code    26  stm32f1xx_hal.o(.text.HAL_IncTick)
    HAL_Init                                 0x0800145d   Thumb Code    38  stm32f1xx_hal.o(.text.HAL_Init)
    HAL_InitTick                             0x08001485   Thumb Code    72  stm32f1xx_hal.o(.text.HAL_InitTick)
    HAL_MspInit                              0x080014cd   Thumb Code    66  stm32f1xx_hal_msp.o(.text.HAL_MspInit)
    HAL_NVIC_EnableIRQ                       0x08001511   Thumb Code    32  stm32f1xx_hal_cortex.o(.text.HAL_NVIC_EnableIRQ)
    HAL_NVIC_SetPriority                     0x08001531   Thumb Code    86  stm32f1xx_hal_cortex.o(.text.HAL_NVIC_SetPriority)
    HAL_NVIC_SetPriorityGrouping             0x08001589   Thumb Code    32  stm32f1xx_hal_cortex.o(.text.HAL_NVIC_SetPriorityGrouping)
    HAL_RCC_ClockConfig                      0x080015a9   Thumb Code   446  stm32f1xx_hal_rcc.o(.text.HAL_RCC_ClockConfig)
    HAL_RCC_GetPCLK1Freq                     0x08001769   Thumb Code    38  stm32f1xx_hal_rcc.o(.text.HAL_RCC_GetPCLK1Freq)
    HAL_RCC_GetPCLK2Freq                     0x08001791   Thumb Code    38  stm32f1xx_hal_rcc.o(.text.HAL_RCC_GetPCLK2Freq)
    HAL_RCC_OscConfig                        0x080017b9   Thumb Code   948  stm32f1xx_hal_rcc.o(.text.HAL_RCC_OscConfig)
    HAL_SYSTICK_Config                       0x08001b6d   Thumb Code    44  stm32f1xx_hal_cortex.o(.text.HAL_SYSTICK_Config)
    HAL_TIMEx_BreakCallback                  0x08001b99   Thumb Code     2  stm32f1xx_hal_tim_ex.o(.text.HAL_TIMEx_BreakCallback)
    HAL_TIMEx_CommutCallback                 0x08001b9d   Thumb Code     2  stm32f1xx_hal_tim_ex.o(.text.HAL_TIMEx_CommutCallback)
    HAL_TIMEx_MasterConfigSynchronization    0x08001ba1   Thumb Code   122  stm32f1xx_hal_tim_ex.o(.text.HAL_TIMEx_MasterConfigSynchronization)
    HAL_TIM_Base_Init                        0x08001c1d   Thumb Code   250  stm32f1xx_hal_tim.o(.text.HAL_TIM_Base_Init)
    HAL_TIM_Base_MspInit                     0x08001d19   Thumb Code   146  tim.o(.text.HAL_TIM_Base_MspInit)
    HAL_TIM_ConfigClockSource                0x08001dad   Thumb Code   412  stm32f1xx_hal_tim.o(.text.HAL_TIM_ConfigClockSource)
    HAL_TIM_IC_CaptureCallback               0x08001f49   Thumb Code     2  stm32f1xx_hal_tim.o(.text.HAL_TIM_IC_CaptureCallback)
    HAL_TIM_IRQHandler                       0x08001f4d   Thumb Code   334  stm32f1xx_hal_tim.o(.text.HAL_TIM_IRQHandler)
    HAL_TIM_OC_DelayElapsedCallback          0x0800209d   Thumb Code     2  stm32f1xx_hal_tim.o(.text.HAL_TIM_OC_DelayElapsedCallback)
    HAL_TIM_PWM_ConfigChannel                0x080020a1   Thumb Code   516  stm32f1xx_hal_tim.o(.text.HAL_TIM_PWM_ConfigChannel)
    HAL_TIM_PWM_Init                         0x080022a5   Thumb Code   250  stm32f1xx_hal_tim.o(.text.HAL_TIM_PWM_Init)
    HAL_TIM_PWM_MspInit                      0x080023a1   Thumb Code     2  stm32f1xx_hal_tim.o(.text.HAL_TIM_PWM_MspInit)
    HAL_TIM_PWM_PulseFinishedCallback        0x080023a5   Thumb Code     2  stm32f1xx_hal_tim.o(.text.HAL_TIM_PWM_PulseFinishedCallback)
    HAL_TIM_PWM_Start                        0x080023a9   Thumb Code   222  stm32f1xx_hal_tim.o(.text.HAL_TIM_PWM_Start)
    HAL_TIM_PeriodElapsedCallback            0x08002489   Thumb Code     2  stm32f1xx_hal_tim.o(.text.HAL_TIM_PeriodElapsedCallback)
    HAL_TIM_TriggerCallback                  0x0800248d   Thumb Code     2  stm32f1xx_hal_tim.o(.text.HAL_TIM_TriggerCallback)
    HAL_UARTEx_ReceiveToIdle_DMA             0x08002491   Thumb Code   486  stm32f1xx_hal_uart.o(.text.HAL_UARTEx_ReceiveToIdle_DMA)
    HAL_UARTEx_RxEventCallback               0x08002679   Thumb Code   140  main.o(.text.HAL_UARTEx_RxEventCallback)
    HAL_UART_ErrorCallback                   0x08002705   Thumb Code     2  stm32f1xx_hal_uart.o(.text.HAL_UART_ErrorCallback)
    HAL_UART_IRQHandler                      0x08002709   Thumb Code  1380  stm32f1xx_hal_uart.o(.text.HAL_UART_IRQHandler)
    HAL_UART_Init                            0x08002c6d   Thumb Code   222  stm32f1xx_hal_uart.o(.text.HAL_UART_Init)
    HAL_UART_MspInit                         0x08002d4d   Thumb Code   364  usart.o(.text.HAL_UART_MspInit)
    HAL_UART_RxCpltCallback                  0x08002eb9   Thumb Code     2  stm32f1xx_hal_uart.o(.text.HAL_UART_RxCpltCallback)
    HAL_UART_RxHalfCpltCallback              0x08002ebd   Thumb Code     2  stm32f1xx_hal_uart.o(.text.HAL_UART_RxHalfCpltCallback)
    HAL_UART_TxCpltCallback                  0x08002ec1   Thumb Code     2  stm32f1xx_hal_uart.o(.text.HAL_UART_TxCpltCallback)
    HardFault_Handler                        0x08002ec5   Thumb Code     2  stm32f1xx_it.o(.text.HardFault_Handler)
    IIC_GPIO_Init                            0x08002ec9   Thumb Code    90  iic.o(.text.IIC_GPIO_Init)
    IIC_Read_Byte                            0x08002f25   Thumb Code   436  iic.o(.text.IIC_Read_Byte)
    IIC_Send_Byte                            0x080030d9   Thumb Code   280  iic.o(.text.IIC_Send_Byte)
    IIC_Start                                0x080031f1   Thumb Code    54  iic.o(.text.IIC_Start)
    IIC_Stop                                 0x08003229   Thumb Code    44  iic.o(.text.IIC_Stop)
    IIC_Wait_Ack                             0x08003255   Thumb Code    64  iic.o(.text.IIC_Wait_Ack)
    MPU_Get_Gyroscope                        0x08003295   Thumb Code    66  mpu6050.o(.text.MPU_Get_Gyroscope)
    MPU_Init                                 0x080032d9   Thumb Code   188  mpu6050.o(.text.MPU_Init)
    MPU_Read_Len                             0x08003395   Thumb Code   112  mpu6050.o(.text.MPU_Read_Len)
    MPU_Write_Byte                           0x08003405   Thumb Code    68  mpu6050.o(.text.MPU_Write_Byte)
    MPU_Write_Len                            0x08003449   Thumb Code    90  mpu6050.o(.text.MPU_Write_Len)
    MX_DMA_Init                              0x080034a5   Thumb Code    68  dma.o(.text.MX_DMA_Init)
    MX_GPIO_Init                             0x080034e9   Thumb Code   186  gpio.o(.text.MX_GPIO_Init)
    MX_TIM2_Init                             0x080035a5   Thumb Code   298  tim.o(.text.MX_TIM2_Init)
    MX_TIM3_Init                             0x080036d1   Thumb Code   290  tim.o(.text.MX_TIM3_Init)
    MX_TIM4_Init                             0x080037f5   Thumb Code   118  tim.o(.text.MX_TIM4_Init)
    MX_USART2_UART_Init                      0x0800386d   Thumb Code    60  usart.o(.text.MX_USART2_UART_Init)
    MX_USART3_UART_Init                      0x080038a9   Thumb Code    60  usart.o(.text.MX_USART3_UART_Init)
    MemManage_Handler                        0x080038e5   Thumb Code     2  stm32f1xx_it.o(.text.MemManage_Handler)
    NMI_Handler                              0x080038e9   Thumb Code     2  stm32f1xx_it.o(.text.NMI_Handler)
    OLED_Clear                               0x080038ed   Thumb Code   146  oled.o(.text.OLED_Clear)
    OLED_I2C_SendByte                        0x08003981   Thumb Code   290  oled.o(.text.OLED_I2C_SendByte)
    OLED_Init                                0x08003aa5   Thumb Code   226  oled.o(.text.OLED_Init)
    OLED_ShowChar                            0x08003b89   Thumb Code   216  oled.o(.text.OLED_ShowChar)
    OLED_ShowNum                             0x08003c61   Thumb Code   178  oled.o(.text.OLED_ShowNum)
    OLED_ShowString                          0x08003d15   Thumb Code    42  oled.o(.text.OLED_ShowString)
    OLED_WriteCommand                        0x08003d41   Thumb Code   104  oled.o(.text.OLED_WriteCommand)
    OLED_WriteData                           0x08003da9   Thumb Code   104  oled.o(.text.OLED_WriteData)
    PID_Calculate                            0x08003e11   Thumb Code   276  pid.o(.text.PID_Calculate)
    PID_Init                                 0x08003f25   Thumb Code    52  pid.o(.text.PID_Init)
    PendSV_Handler                           0x08003f59   Thumb Code     2  stm32f1xx_it.o(.text.PendSV_Handler)
    SVC_Handler                              0x08003f5d   Thumb Code     2  stm32f1xx_it.o(.text.SVC_Handler)
    SysTick_Handler                          0x08003f61   Thumb Code     4  stm32f1xx_it.o(.text.SysTick_Handler)
    SystemInit                               0x08003f65   Thumb Code     2  system_stm32f1xx.o(.text.SystemInit)
    TIM4_IRQHandler                          0x08003f69   Thumb Code    12  stm32f1xx_it.o(.text.TIM4_IRQHandler)
    USART2_IRQHandler                        0x08004375   Thumb Code    12  stm32f1xx_it.o(.text.USART2_IRQHandler)
    UsageFault_Handler                       0x08004381   Thumb Code     2  stm32f1xx_it.o(.text.UsageFault_Handler)
    dmp_enable_feature                       0x08004385   Thumb Code   670  inv_mpu_dmp_motion_driver.o(.text.dmp_enable_feature)
    dmp_load_motion_driver_firmware          0x08004625   Thumb Code    22  inv_mpu_dmp_motion_driver.o(.text.dmp_load_motion_driver_firmware)
    dmp_read_fifo                            0x0800463d   Thumb Code   484  inv_mpu_dmp_motion_driver.o(.text.dmp_read_fifo)
    dmp_set_accel_bias                       0x08004821   Thumb Code   190  inv_mpu_dmp_motion_driver.o(.text.dmp_set_accel_bias)
    dmp_set_fifo_rate                        0x080048e1   Thumb Code   112  inv_mpu_dmp_motion_driver.o(.text.dmp_set_fifo_rate)
    dmp_set_gyro_bias                        0x08004951   Thumb Code   196  inv_mpu_dmp_motion_driver.o(.text.dmp_set_gyro_bias)
    dmp_set_orientation                      0x08004a15   Thumb Code   232  inv_mpu_dmp_motion_driver.o(.text.dmp_set_orientation)
    dmp_set_tap_thresh                       0x08004afd   Thumb Code   294  inv_mpu_dmp_motion_driver.o(.text.dmp_set_tap_thresh)
    inv_orientation_matrix_to_scalar         0x08004f59   Thumb Code   220  inv_mpu.o(.text.inv_orientation_matrix_to_scalar)
    main                                     0x08005035   Thumb Code  2072  main.o(.text.main)
    mget_ms                                  0x0800587d   Thumb Code     2  inv_mpu.o(.text.mget_ms)
    mpu_configure_fifo                       0x08005881   Thumb Code   176  inv_mpu.o(.text.mpu_configure_fifo)
    mpu_dmp_get_data                         0x08005931   Thumb Code   474  inv_mpu.o(.text.mpu_dmp_get_data)
    mpu_dmp_init                             0x08005b0d   Thumb Code   250  inv_mpu.o(.text.mpu_dmp_init)
    mpu_get_accel_fsr                        0x08005c09   Thumb Code    60  inv_mpu.o(.text.mpu_get_accel_fsr)
    mpu_get_accel_sens                       0x08005c45   Thumb Code    52  inv_mpu.o(.text.mpu_get_accel_sens)
    mpu_init                                 0x08005c89   Thumb Code   328  inv_mpu.o(.text.mpu_init)
    mpu_load_firmware                        0x08005dd1   Thumb Code   322  inv_mpu.o(.text.mpu_load_firmware)
    mpu_lp_accel_mode                        0x08005f15   Thumb Code   540  inv_mpu.o(.text.mpu_lp_accel_mode)
    mpu_read_fifo_stream                     0x08006131   Thumb Code   186  inv_mpu.o(.text.mpu_read_fifo_stream)
    mpu_reset_fifo                           0x080061ed   Thumb Code   386  inv_mpu.o(.text.mpu_reset_fifo)
    mpu_run_self_test                        0x08006371   Thumb Code  2316  inv_mpu.o(.text.mpu_run_self_test)
    mpu_set_accel_fsr                        0x08006c9d   Thumb Code   154  inv_mpu.o(.text.mpu_set_accel_fsr)
    mpu_set_bypass                           0x08006d39   Thumb Code   238  inv_mpu.o(.text.mpu_set_bypass)
    mpu_set_dmp_state                        0x08006e29   Thumb Code   224  inv_mpu.o(.text.mpu_set_dmp_state)
    mpu_set_lpf                              0x08006f09   Thumb Code   156  inv_mpu.o(.text.mpu_set_lpf)
    mpu_set_sample_rate                      0x08006fa5   Thumb Code   326  inv_mpu.o(.text.mpu_set_sample_rate)
    mpu_set_sensors                          0x080070ed   Thumb Code   234  inv_mpu.o(.text.mpu_set_sensors)
    mpu_write_mem                            0x080071d9   Thumb Code   100  inv_mpu.o(.text.mpu_write_mem)
    run_self_test                            0x0800723d   Thumb Code   212  inv_mpu.o(.text.run_self_test)
    _btod_d2e                                0x08007331   Thumb Code    62  btod.o(CL$$btod_d2e)
    _d2e_denorm_low                          0x0800736f   Thumb Code    70  btod.o(CL$$btod_d2e_denorm_low)
    _d2e_norm_op1                            0x080073b5   Thumb Code    96  btod.o(CL$$btod_d2e_norm_op1)
    __btod_div_common                        0x08007415   Thumb Code   696  btod.o(CL$$btod_div_common)
    _e2e                                     0x0800774d   Thumb Code   220  btod.o(CL$$btod_e2e)
    _btod_ediv                               0x08007829   Thumb Code    42  btod.o(CL$$btod_ediv)
    _btod_emul                               0x08007853   Thumb Code    42  btod.o(CL$$btod_emul)
    __btod_mult_common                       0x0800787d   Thumb Code   580  btod.o(CL$$btod_mult_common)
    __ARM_fpclassify                         0x08007ac1   Thumb Code    40  fpclassify.o(i.__ARM_fpclassify)
    __kernel_poly                            0x08007ae9   Thumb Code   170  poly.o(i.__kernel_poly)
    __mathlib_dbl_infnan                     0x08007b93   Thumb Code     6  dunder.o(i.__mathlib_dbl_infnan)
    __mathlib_dbl_infnan2                    0x08007b99   Thumb Code     4  dunder.o(i.__mathlib_dbl_infnan2)
    __mathlib_dbl_invalid                    0x08007b9d   Thumb Code    12  dunder.o(i.__mathlib_dbl_invalid)
    __mathlib_dbl_underflow                  0x08007ba9   Thumb Code    10  dunder.o(i.__mathlib_dbl_underflow)
    _is_digit                                0x08007bb9   Thumb Code    14  __printf_wp.o(i._is_digit)
    asin                                     0x08007bc9   Thumb Code   572  asin.o(i.asin)
    atan                                     0x08007e39   Thumb Code   474  atan.o(i.atan)
    atan2                                    0x08008059   Thumb Code   374  atan2.o(i.atan2)
    sqrt                                     0x080081f5   Thumb Code    76  sqrt.o(i.sqrt)
    _get_lc_numeric                          0x08008241   Thumb Code    44  lc_numeric_c.o(locale$$code)
    __aeabi_d2f                              0x0800826d   Thumb Code     0  d2f.o(x$fpl$d2f)
    _d2f                                     0x0800826d   Thumb Code    98  d2f.o(x$fpl$d2f)
    __aeabi_dadd                             0x080082d1   Thumb Code     0  daddsub_clz.o(x$fpl$dadd)
    _dadd                                    0x080082d1   Thumb Code   332  daddsub_clz.o(x$fpl$dadd)
    __fpl_dcheck_NaN1                        0x08008421   Thumb Code    10  dcheck1.o(x$fpl$dcheck1)
    __fpl_dcmp_Inf                           0x08008431   Thumb Code    24  dcmpi.o(x$fpl$dcmpinf)
    __aeabi_ddiv                             0x08008449   Thumb Code     0  ddiv.o(x$fpl$ddiv)
    _ddiv                                    0x08008449   Thumb Code   556  ddiv.o(x$fpl$ddiv)
    __aeabi_cdcmpeq                          0x080086fd   Thumb Code     0  deqf.o(x$fpl$deqf)
    _dcmpeq                                  0x080086fd   Thumb Code   120  deqf.o(x$fpl$deqf)
    __aeabi_d2iz                             0x08008775   Thumb Code     0  dfix.o(x$fpl$dfix)
    _dfix                                    0x08008775   Thumb Code    94  dfix.o(x$fpl$dfix)
    __aeabi_i2d                              0x080087d3   Thumb Code     0  dflt_clz.o(x$fpl$dflt)
    _dflt                                    0x080087d3   Thumb Code    46  dflt_clz.o(x$fpl$dflt)
    __aeabi_dmul                             0x08008801   Thumb Code     0  dmul.o(x$fpl$dmul)
    _dmul                                    0x08008801   Thumb Code   332  dmul.o(x$fpl$dmul)
    __fpl_dnaninf                            0x08008955   Thumb Code   156  dnaninf.o(x$fpl$dnaninf)
    __fpl_dretinf                            0x080089f1   Thumb Code    12  dretinf.o(x$fpl$dretinf)
    __aeabi_drsub                            0x080089fd   Thumb Code     0  daddsub_clz.o(x$fpl$drsb)
    _drsb                                    0x080089fd   Thumb Code    22  daddsub_clz.o(x$fpl$drsb)
    _dsqrt                                   0x08008a15   Thumb Code   456  dsqrt_noumaal.o(x$fpl$dsqrt)
    __aeabi_dsub                             0x08008be1   Thumb Code     0  daddsub_clz.o(x$fpl$dsub)
    _dsub                                    0x08008be1   Thumb Code   472  daddsub_clz.o(x$fpl$dsub)
    __aeabi_f2d                              0x08008dbd   Thumb Code     0  f2d.o(x$fpl$f2d)
    _f2d                                     0x08008dbd   Thumb Code    86  f2d.o(x$fpl$f2d)
    __aeabi_fadd                             0x08008e15   Thumb Code     0  faddsub_clz.o(x$fpl$fadd)
    _fadd                                    0x08008e15   Thumb Code   196  faddsub_clz.o(x$fpl$fadd)
    __aeabi_fcmpeq                           0x08008ed9   Thumb Code     0  fcmp.o(x$fpl$fcmp)
    _feq                                     0x08008ed9   Thumb Code    14  fcmp.o(x$fpl$fcmp)
    _fneq                                    0x08008ee7   Thumb Code    14  fcmp.o(x$fpl$fcmp)
    __aeabi_fcmpgt                           0x08008ef5   Thumb Code     0  fcmp.o(x$fpl$fcmp)
    _fgr                                     0x08008ef5   Thumb Code    14  fcmp.o(x$fpl$fcmp)
    __aeabi_fcmpge                           0x08008f03   Thumb Code     0  fcmp.o(x$fpl$fcmp)
    _fgeq                                    0x08008f03   Thumb Code    14  fcmp.o(x$fpl$fcmp)
    __aeabi_fcmple                           0x08008f11   Thumb Code     0  fcmp.o(x$fpl$fcmp)
    _fleq                                    0x08008f11   Thumb Code    14  fcmp.o(x$fpl$fcmp)
    __aeabi_fcmplt                           0x08008f1f   Thumb Code     0  fcmp.o(x$fpl$fcmp)
    _fls                                     0x08008f1f   Thumb Code    14  fcmp.o(x$fpl$fcmp)
    __fpl_fcmp_Inf                           0x08008f2d   Thumb Code    24  fcmpi.o(x$fpl$fcmpinf)
    __aeabi_fdiv                             0x08008f45   Thumb Code     0  fdiv.o(x$fpl$fdiv)
    _fdiv                                    0x08008f45   Thumb Code   384  fdiv.o(x$fpl$fdiv)
    __aeabi_cfcmpeq                          0x080090c9   Thumb Code     0  feqf.o(x$fpl$feqf)
    _fcmpeq                                  0x080090c9   Thumb Code   104  feqf.o(x$fpl$feqf)
    __aeabi_f2iz                             0x08009131   Thumb Code     0  ffix.o(x$fpl$ffix)
    _ffix                                    0x08009131   Thumb Code    54  ffix.o(x$fpl$ffix)
    __aeabi_i2f                              0x08009169   Thumb Code     0  fflt_clz.o(x$fpl$fflt)
    _fflt                                    0x08009169   Thumb Code    48  fflt_clz.o(x$fpl$fflt)
    __aeabi_ui2f                             0x08009199   Thumb Code     0  fflt_clz.o(x$fpl$ffltu)
    _ffltu                                   0x08009199   Thumb Code    38  fflt_clz.o(x$fpl$ffltu)
    _fcmpge                                  0x080091c1   Thumb Code   104  fgeqf.o(x$fpl$fgeqf)
    __aeabi_cfcmple                          0x08009229   Thumb Code     0  fleqf.o(x$fpl$fleqf)
    _fcmple                                  0x08009229   Thumb Code   104  fleqf.o(x$fpl$fleqf)
    __fpl_fcmple_InfNaN                      0x0800927b   Thumb Code     0  fleqf.o(x$fpl$fleqf)
    __aeabi_fmul                             0x08009291   Thumb Code     0  fmul.o(x$fpl$fmul)
    _fmul                                    0x08009291   Thumb Code   258  fmul.o(x$fpl$fmul)
    __fpl_fnaninf                            0x08009393   Thumb Code   140  fnaninf.o(x$fpl$fnaninf)
    __fpl_fretinf                            0x0800941f   Thumb Code    10  fretinf.o(x$fpl$fretinf)
    __aeabi_fsub                             0x08009429   Thumb Code     0  faddsub_clz.o(x$fpl$fsub)
    _fsub                                    0x08009429   Thumb Code   234  faddsub_clz.o(x$fpl$fsub)
    _printf_fp_dec                           0x08009513   Thumb Code     4  printf1.o(x$fpl$printf1)
    __fpl_return_NaN                         0x08009517   Thumb Code   100  retnan.o(x$fpl$retnan)
    __ARM_scalbn                             0x0800957b   Thumb Code    92  scalbn.o(x$fpl$scalbn)
    __fpl_cmpreturn                          0x080095d7   Thumb Code    48  trapv.o(x$fpl$trapveneer)
    __I$use$fp                               0x08009606   Number         0  usenofp.o(x$fpl$usenofp)
    __mathlib_zero                           0x080096f0   Data           8  qnan.o(.constdata)
    AHBPrescTable                            0x08009792   Data          16  system_stm32f1xx.o(.rodata.AHBPrescTable)
    APBPrescTable                            0x080097a2   Data           8  system_stm32f1xx.o(.rodata.APBPrescTable)
    OLED_F8x16                               0x080097ac   Data        1520  oled.o(.rodata.OLED_F8x16)
    hw                                       0x0800a9a2   Data          12  inv_mpu.o(.rodata.hw)
    reg                                      0x0800a9ae   Data          27  inv_mpu.o(.rodata.reg)
    test                                     0x0800aa08   Data          40  inv_mpu.o(.rodata.test)
    Region$$Table$$Base                      0x0800aa30   Number         0  anon$$obj.o(Region$$Table)
    Region$$Table$$Limit                     0x0800aa50   Number         0  anon$$obj.o(Region$$Table)
    x_point                                  0x20000000   Data           4  main.o(.data..L_MergedGlobals)
    y_point                                  0x20000004   Data           4  main.o(.data..L_MergedGlobals)
    uwTickFreq                               0x20000008   Data           1  stm32f1xx_hal.o(.data..L_MergedGlobals)
    uwTickPrio                               0x2000000c   Data           4  stm32f1xx_hal.o(.data..L_MergedGlobals)
    SystemCoreClock                          0x20000048   Data           4  system_stm32f1xx.o(.data.SystemCoreClock)
    __libspace_start                         0x20000050   Data          96  libspace.o(.bss)
    __temporary_stack_top$libspace           0x200000b0   Data           0  libspace.o(.bss)
    statue                                   0x200000c0   Data           4  main.o(.bss..L_MergedGlobals.12)
    compensation_Z                           0x200000c4   Data           4  main.o(.bss..L_MergedGlobals.12)
    compensation_value                       0x200000c8   Data           4  main.o(.bss..L_MergedGlobals.12)
    rx_massage                               0x200000cc   Data          50  main.o(.bss..L_MergedGlobals.12)
    yaw_control                              0x20000100   Data          60  main.o(.bss..L_MergedGlobals.12)
    visual_control_2                         0x2000013c   Data          60  main.o(.bss..L_MergedGlobals.13)
    visual_control                           0x20000178   Data          60  main.o(.bss..L_MergedGlobals.13)
    hdma_usart2_rx                           0x200001bc   Data          68  usart.o(.bss.hdma_usart2_rx)
    hdma_usart2_tx                           0x20000200   Data          68  usart.o(.bss.hdma_usart2_tx)
    htim2                                    0x20000244   Data          72  tim.o(.bss.htim2)
    htim3                                    0x2000028c   Data          72  tim.o(.bss.htim3)
    htim4                                    0x200002d4   Data          72  tim.o(.bss.htim4)
    huart2                                   0x2000031c   Data          72  usart.o(.bss.huart2)
    huart3                                   0x20000364   Data          72  usart.o(.bss.huart3)
    uwTick                                   0x200003ac   Data           4  stm32f1xx_hal.o(.bss.uwTick)



==============================================================================

Memory Map of the image

  Image Entry point : 0x080000ed

  Load Region LR_IROM1 (Base: 0x08000000, Size: 0x0000aac0, Max: 0x00010000, ABSOLUTE)

    Execution Region ER_IROM1 (Exec base: 0x08000000, Load base: 0x08000000, Size: 0x0000aa6c, Max: 0x00010000, ABSOLUTE)

    Exec Addr    Load Addr    Size         Type   Attr      Idx    E Section Name        Object

    0x08000000   0x08000000   0x000000ec   Data   RO            3    RESET               startup_stm32f103xb.o
    0x080000ec   0x080000ec   0x00000008   Code   RO         1291  * !!!main             c_w.l(__main.o)
    0x080000f4   0x080000f4   0x00000034   Code   RO         1655    !!!scatter          c_w.l(__scatter.o)
    0x08000128   0x08000128   0x0000001a   Code   RO         1657    !!handler_copy      c_w.l(__scatter_copy.o)
    0x08000142   0x08000142   0x00000002   PAD
    0x08000144   0x08000144   0x0000001c   Code   RO         1659    !!handler_zi        c_w.l(__scatter_zi.o)
    0x08000160   0x08000160   0x00000000   Code   RO         1284    .ARM.Collect$$_printf_percent$$00000000  c_w.l(_printf_percent.o)
    0x08000160   0x08000160   0x00000006   Code   RO         1283    .ARM.Collect$$_printf_percent$$00000003  c_w.l(_printf_f.o)
    0x08000166   0x08000166   0x00000006   Code   RO         1282    .ARM.Collect$$_printf_percent$$00000009  c_w.l(_printf_d.o)
    0x0800016c   0x0800016c   0x00000004   Code   RO         1373    .ARM.Collect$$_printf_percent$$00000017  c_w.l(_printf_percent_end.o)
    0x08000170   0x08000170   0x00000002   Code   RO         1514    .ARM.Collect$$libinit$$00000000  c_w.l(libinit.o)
    0x08000172   0x08000172   0x00000000   Code   RO         1516    .ARM.Collect$$libinit$$00000002  c_w.l(libinit2.o)
    0x08000172   0x08000172   0x00000000   Code   RO         1518    .ARM.Collect$$libinit$$00000004  c_w.l(libinit2.o)
    0x08000172   0x08000172   0x00000000   Code   RO         1520    .ARM.Collect$$libinit$$00000006  c_w.l(libinit2.o)
    0x08000172   0x08000172   0x00000000   Code   RO         1523    .ARM.Collect$$libinit$$0000000C  c_w.l(libinit2.o)
    0x08000172   0x08000172   0x00000000   Code   RO         1525    .ARM.Collect$$libinit$$0000000E  c_w.l(libinit2.o)
    0x08000172   0x08000172   0x00000000   Code   RO         1527    .ARM.Collect$$libinit$$00000010  c_w.l(libinit2.o)
    0x08000172   0x08000172   0x00000006   Code   RO         1528    .ARM.Collect$$libinit$$00000011  c_w.l(libinit2.o)
    0x08000178   0x08000178   0x00000000   Code   RO         1530    .ARM.Collect$$libinit$$00000013  c_w.l(libinit2.o)
    0x08000178   0x08000178   0x00000000   Code   RO         1532    .ARM.Collect$$libinit$$00000015  c_w.l(libinit2.o)
    0x08000178   0x08000178   0x00000000   Code   RO         1534    .ARM.Collect$$libinit$$00000017  c_w.l(libinit2.o)
    0x08000178   0x08000178   0x0000000a   Code   RO         1535    .ARM.Collect$$libinit$$00000018  c_w.l(libinit2.o)
    0x08000182   0x08000182   0x00000000   Code   RO         1536    .ARM.Collect$$libinit$$00000019  c_w.l(libinit2.o)
    0x08000182   0x08000182   0x00000000   Code   RO         1538    .ARM.Collect$$libinit$$0000001B  c_w.l(libinit2.o)
    0x08000182   0x08000182   0x00000000   Code   RO         1540    .ARM.Collect$$libinit$$0000001D  c_w.l(libinit2.o)
    0x08000182   0x08000182   0x00000000   Code   RO         1542    .ARM.Collect$$libinit$$0000001F  c_w.l(libinit2.o)
    0x08000182   0x08000182   0x00000000   Code   RO         1544    .ARM.Collect$$libinit$$00000021  c_w.l(libinit2.o)
    0x08000182   0x08000182   0x00000000   Code   RO         1546    .ARM.Collect$$libinit$$00000023  c_w.l(libinit2.o)
    0x08000182   0x08000182   0x00000000   Code   RO         1548    .ARM.Collect$$libinit$$00000025  c_w.l(libinit2.o)
    0x08000182   0x08000182   0x00000000   Code   RO         1550    .ARM.Collect$$libinit$$00000027  c_w.l(libinit2.o)
    0x08000182   0x08000182   0x00000000   Code   RO         1554    .ARM.Collect$$libinit$$0000002E  c_w.l(libinit2.o)
    0x08000182   0x08000182   0x00000000   Code   RO         1556    .ARM.Collect$$libinit$$00000030  c_w.l(libinit2.o)
    0x08000182   0x08000182   0x00000000   Code   RO         1558    .ARM.Collect$$libinit$$00000032  c_w.l(libinit2.o)
    0x08000182   0x08000182   0x00000000   Code   RO         1560    .ARM.Collect$$libinit$$00000034  c_w.l(libinit2.o)
    0x08000182   0x08000182   0x00000002   Code   RO         1561    .ARM.Collect$$libinit$$00000035  c_w.l(libinit2.o)
    0x08000184   0x08000184   0x00000002   Code   RO         1620    .ARM.Collect$$libshutdown$$00000000  c_w.l(libshutdown.o)
    0x08000186   0x08000186   0x00000000   Code   RO         1638    .ARM.Collect$$libshutdown$$00000002  c_w.l(libshutdown2.o)
    0x08000186   0x08000186   0x00000000   Code   RO         1640    .ARM.Collect$$libshutdown$$00000004  c_w.l(libshutdown2.o)
    0x08000186   0x08000186   0x00000000   Code   RO         1643    .ARM.Collect$$libshutdown$$00000007  c_w.l(libshutdown2.o)
    0x08000186   0x08000186   0x00000000   Code   RO         1646    .ARM.Collect$$libshutdown$$0000000A  c_w.l(libshutdown2.o)
    0x08000186   0x08000186   0x00000000   Code   RO         1648    .ARM.Collect$$libshutdown$$0000000C  c_w.l(libshutdown2.o)
    0x08000186   0x08000186   0x00000000   Code   RO         1651    .ARM.Collect$$libshutdown$$0000000F  c_w.l(libshutdown2.o)
    0x08000186   0x08000186   0x00000002   Code   RO         1652    .ARM.Collect$$libshutdown$$00000010  c_w.l(libshutdown2.o)
    0x08000188   0x08000188   0x00000000   Code   RO         1354    .ARM.Collect$$rtentry$$00000000  c_w.l(__rtentry.o)
    0x08000188   0x08000188   0x00000000   Code   RO         1422    .ARM.Collect$$rtentry$$00000002  c_w.l(__rtentry2.o)
    0x08000188   0x08000188   0x00000006   Code   RO         1434    .ARM.Collect$$rtentry$$00000004  c_w.l(__rtentry4.o)
    0x0800018e   0x0800018e   0x00000000   Code   RO         1424    .ARM.Collect$$rtentry$$00000009  c_w.l(__rtentry2.o)
    0x0800018e   0x0800018e   0x00000004   Code   RO         1425    .ARM.Collect$$rtentry$$0000000A  c_w.l(__rtentry2.o)
    0x08000192   0x08000192   0x00000000   Code   RO         1427    .ARM.Collect$$rtentry$$0000000C  c_w.l(__rtentry2.o)
    0x08000192   0x08000192   0x00000008   Code   RO         1428    .ARM.Collect$$rtentry$$0000000D  c_w.l(__rtentry2.o)
    0x0800019a   0x0800019a   0x00000002   Code   RO         1564    .ARM.Collect$$rtexit$$00000000  c_w.l(rtexit.o)
    0x0800019c   0x0800019c   0x00000000   Code   RO         1585    .ARM.Collect$$rtexit$$00000002  c_w.l(rtexit2.o)
    0x0800019c   0x0800019c   0x00000004   Code   RO         1586    .ARM.Collect$$rtexit$$00000003  c_w.l(rtexit2.o)
    0x080001a0   0x080001a0   0x00000006   Code   RO         1587    .ARM.Collect$$rtexit$$00000004  c_w.l(rtexit2.o)
    0x080001a6   0x080001a6   0x00000002   PAD
    0x080001a8   0x080001a8   0x00000040   Code   RO            4    .text               startup_stm32f103xb.o
    0x080001e8   0x080001e8   0x00000074   Code   RO         1252    .text               c_w.l(llsdiv.o)
    0x0800025c   0x0800025c   0x00000028   Code   RO         1256    .text               c_w.l(noretval__2sprintf.o)
    0x08000284   0x08000284   0x00000078   Code   RO         1260    .text               c_w.l(_printf_dec.o)
    0x080002fc   0x080002fc   0x0000010e   Code   RO         1270    .text               c_w.l(__printf_wp.o)
    0x0800040a   0x0800040a   0x00000058   Code   RO         1285    .text               c_w.l(memcmp.o)
    0x08000462   0x08000462   0x0000004e   Code   RO         1287    .text               c_w.l(rt_memclr_w.o)
    0x080004b0   0x080004b0   0x00000006   Code   RO         1289    .text               c_w.l(heapauxi.o)
    0x080004b6   0x080004b6   0x000000f0   Code   RO         1359    .text               c_w.l(lludivv7m.o)
    0x080005a6   0x080005a6   0x00000016   Code   RO         1361    .text               c_w.l(_rserrno.o)
    0x080005bc   0x080005bc   0x000000b2   Code   RO         1363    .text               c_w.l(_printf_intcommon.o)
    0x0800066e   0x0800066e   0x0000041c   Code   RO         1365    .text               c_w.l(_printf_fp_dec.o)
    0x08000a8a   0x08000a8a   0x00000002   PAD
    0x08000a8c   0x08000a8c   0x00000030   Code   RO         1369    .text               c_w.l(_printf_char_common.o)
    0x08000abc   0x08000abc   0x0000000a   Code   RO         1371    .text               c_w.l(_sputc.o)
    0x08000ac6   0x08000ac6   0x00000002   PAD
    0x08000ac8   0x08000ac8   0x00000008   Code   RO         1441    .text               c_w.l(rt_locale_intlibspace.o)
    0x08000ad0   0x08000ad0   0x00000008   Code   RO         1446    .text               c_w.l(rt_errno_addr_intlibspace.o)
    0x08000ad8   0x08000ad8   0x0000008a   Code   RO         1448    .text               c_w.l(lludiv10.o)
    0x08000b62   0x08000b62   0x00000002   PAD
    0x08000b64   0x08000b64   0x00000080   Code   RO         1450    .text               c_w.l(_printf_fp_infnan.o)
    0x08000be4   0x08000be4   0x000000e4   Code   RO         1454    .text               c_w.l(bigflt0.o)
    0x08000cc8   0x08000cc8   0x00000008   Code   RO         1494    .text               c_w.l(libspace.o)
    0x08000cd0   0x08000cd0   0x0000004a   Code   RO         1497    .text               c_w.l(sys_stackheap_outer.o)
    0x08000d1a   0x08000d1a   0x00000012   Code   RO         1501    .text               c_w.l(exit.o)
    0x08000d2c   0x08000d2c   0x00000080   Code   RO         1507    .text               c_w.l(strcmpv7m.o)
    0x08000dac   0x08000dac   0x0000000c   Code   RO         1580    .text               c_w.l(sys_exit.o)
    0x08000db8   0x08000db8   0x00000002   Code   RO         1607    .text               c_w.l(use_no_semi.o)
    0x08000dba   0x08000dba   0x00000000   Code   RO         1609    .text               c_w.l(indicate_semi.o)
    0x08000dba   0x08000dba   0x00000002   PAD
    0x08000dbc   0x08000dbc   0x00000002   Code   RO          111    .text.BusFault_Handler  stm32f1xx_it.o
    0x08000dbe   0x08000dbe   0x00000002   PAD
    0x08000dc0   0x08000dc0   0x0000000c   Code   RO          123    .text.DMA1_Channel6_IRQHandler  stm32f1xx_it.o
    0x08000dcc   0x08000dcc   0x0000000c   Code   RO          125    .text.DMA1_Channel7_IRQHandler  stm32f1xx_it.o
    0x08000dd8   0x08000dd8   0x00000002   Code   RO          117    .text.DebugMon_Handler  stm32f1xx_it.o
    0x08000dda   0x08000dda   0x00000002   PAD
    0x08000ddc   0x08000ddc   0x00000008   Code   RO          127    .text.EXTI9_5_IRQHandler  stm32f1xx_it.o
    0x08000de4   0x08000de4   0x0000000a   Code   RO           29    .text.Error_Handler  main.o
    0x08000dee   0x08000dee   0x00000002   PAD
    0x08000df0   0x08000df0   0x00000046   Code   RO          626    .text.HAL_DMA_Abort  stm32f1xx_hal_dma.o
    0x08000e36   0x08000e36   0x00000002   PAD
    0x08000e38   0x08000e38   0x000000b2   Code   RO          628    .text.HAL_DMA_Abort_IT  stm32f1xx_hal_dma.o
    0x08000eea   0x08000eea   0x00000002   PAD
    0x08000eec   0x08000eec   0x000001a0   Code   RO          632    .text.HAL_DMA_IRQHandler  stm32f1xx_hal_dma.o
    0x0800108c   0x0800108c   0x00000088   Code   RO          618    .text.HAL_DMA_Init  stm32f1xx_hal_dma.o
    0x08001114   0x08001114   0x0000009c   Code   RO          624    .text.HAL_DMA_Start_IT  stm32f1xx_hal_dma.o
    0x080011b0   0x080011b0   0x00000028   Code   RO          502    .text.HAL_Delay     stm32f1xx_hal.o
    0x080011d8   0x080011d8   0x00000016   Code   RO           13    .text.HAL_GPIO_EXTI_Callback  main.o
    0x080011ee   0x080011ee   0x00000002   PAD
    0x080011f0   0x080011f0   0x00000016   Code   RO          606    .text.HAL_GPIO_EXTI_IRQHandler  stm32f1xx_hal_gpio.o
    0x08001206   0x08001206   0x00000002   PAD
    0x08001208   0x08001208   0x00000212   Code   RO          594    .text.HAL_GPIO_Init  stm32f1xx_hal_gpio.o
    0x0800141a   0x0800141a   0x00000002   PAD
    0x0800141c   0x0800141c   0x0000000a   Code   RO          598    .text.HAL_GPIO_ReadPin  stm32f1xx_hal_gpio.o
    0x08001426   0x08001426   0x00000002   PAD
    0x08001428   0x08001428   0x0000000a   Code   RO          600    .text.HAL_GPIO_WritePin  stm32f1xx_hal_gpio.o
    0x08001432   0x08001432   0x00000002   PAD
    0x08001434   0x08001434   0x0000000c   Code   RO          494    .text.HAL_GetTick   stm32f1xx_hal.o
    0x08001440   0x08001440   0x0000001a   Code   RO          492    .text.HAL_IncTick   stm32f1xx_hal.o
    0x0800145a   0x0800145a   0x00000002   PAD
    0x0800145c   0x0800145c   0x00000026   Code   RO          482    .text.HAL_Init      stm32f1xx_hal.o
    0x08001482   0x08001482   0x00000002   PAD
    0x08001484   0x08001484   0x00000048   Code   RO          484    .text.HAL_InitTick  stm32f1xx_hal.o
    0x080014cc   0x080014cc   0x00000042   Code   RO          140    .text.HAL_MspInit   stm32f1xx_hal_msp.o
    0x0800150e   0x0800150e   0x00000002   PAD
    0x08001510   0x08001510   0x00000020   Code   RO          654    .text.HAL_NVIC_EnableIRQ  stm32f1xx_hal_cortex.o
    0x08001530   0x08001530   0x00000056   Code   RO          652    .text.HAL_NVIC_SetPriority  stm32f1xx_hal_cortex.o
    0x08001586   0x08001586   0x00000002   PAD
    0x08001588   0x08001588   0x00000020   Code   RO          650    .text.HAL_NVIC_SetPriorityGrouping  stm32f1xx_hal_cortex.o
    0x080015a8   0x080015a8   0x000001be   Code   RO          546    .text.HAL_RCC_ClockConfig  stm32f1xx_hal_rcc.o
    0x08001766   0x08001766   0x00000002   PAD
    0x08001768   0x08001768   0x00000026   Code   RO          558    .text.HAL_RCC_GetPCLK1Freq  stm32f1xx_hal_rcc.o
    0x0800178e   0x0800178e   0x00000002   PAD
    0x08001790   0x08001790   0x00000026   Code   RO          560    .text.HAL_RCC_GetPCLK2Freq  stm32f1xx_hal_rcc.o
    0x080017b6   0x080017b6   0x00000002   PAD
    0x080017b8   0x080017b8   0x000003b4   Code   RO          544    .text.HAL_RCC_OscConfig  stm32f1xx_hal_rcc.o
    0x08001b6c   0x08001b6c   0x0000002c   Code   RO          662    .text.HAL_SYSTICK_Config  stm32f1xx_hal_cortex.o
    0x08001b98   0x08001b98   0x00000002   Code   RO          468    .text.HAL_TIMEx_BreakCallback  stm32f1xx_hal_tim_ex.o
    0x08001b9a   0x08001b9a   0x00000002   PAD
    0x08001b9c   0x08001b9c   0x00000002   Code   RO          464    .text.HAL_TIMEx_CommutCallback  stm32f1xx_hal_tim_ex.o
    0x08001b9e   0x08001b9e   0x00000002   PAD
    0x08001ba0   0x08001ba0   0x0000007a   Code   RO          458    .text.HAL_TIMEx_MasterConfigSynchronization  stm32f1xx_hal_tim_ex.o
    0x08001c1a   0x08001c1a   0x00000002   PAD
    0x08001c1c   0x08001c1c   0x000000fa   Code   RO          163    .text.HAL_TIM_Base_Init  stm32f1xx_hal_tim.o
    0x08001d16   0x08001d16   0x00000002   PAD
    0x08001d18   0x08001d18   0x00000092   Code   RO           70    .text.HAL_TIM_Base_MspInit  tim.o
    0x08001daa   0x08001daa   0x00000002   PAD
    0x08001dac   0x08001dac   0x0000019c   Code   RO          343    .text.HAL_TIM_ConfigClockSource  stm32f1xx_hal_tim.o
    0x08001f48   0x08001f48   0x00000002   Code   RO          299    .text.HAL_TIM_IC_CaptureCallback  stm32f1xx_hal_tim.o
    0x08001f4a   0x08001f4a   0x00000002   PAD
    0x08001f4c   0x08001f4c   0x0000014e   Code   RO          297    .text.HAL_TIM_IRQHandler  stm32f1xx_hal_tim.o
    0x0800209a   0x0800209a   0x00000002   PAD
    0x0800209c   0x0800209c   0x00000002   Code   RO          301    .text.HAL_TIM_OC_DelayElapsedCallback  stm32f1xx_hal_tim.o
    0x0800209e   0x0800209e   0x00000002   PAD
    0x080020a0   0x080020a0   0x00000204   Code   RO          317    .text.HAL_TIM_PWM_ConfigChannel  stm32f1xx_hal_tim.o
    0x080022a4   0x080022a4   0x000000fa   Code   RO          217    .text.HAL_TIM_PWM_Init  stm32f1xx_hal_tim.o
    0x0800239e   0x0800239e   0x00000002   PAD
    0x080023a0   0x080023a0   0x00000002   Code   RO          219    .text.HAL_TIM_PWM_MspInit  stm32f1xx_hal_tim.o
    0x080023a2   0x080023a2   0x00000002   PAD
    0x080023a4   0x080023a4   0x00000002   Code   RO          303    .text.HAL_TIM_PWM_PulseFinishedCallback  stm32f1xx_hal_tim.o
    0x080023a6   0x080023a6   0x00000002   PAD
    0x080023a8   0x080023a8   0x000000de   Code   RO          225    .text.HAL_TIM_PWM_Start  stm32f1xx_hal_tim.o
    0x08002486   0x08002486   0x00000002   PAD
    0x08002488   0x08002488   0x00000002   Code   RO          305    .text.HAL_TIM_PeriodElapsedCallback  stm32f1xx_hal_tim.o
    0x0800248a   0x0800248a   0x00000002   PAD
    0x0800248c   0x0800248c   0x00000002   Code   RO          307    .text.HAL_TIM_TriggerCallback  stm32f1xx_hal_tim.o
    0x0800248e   0x0800248e   0x00000002   PAD
    0x08002490   0x08002490   0x000001e6   Code   RO          861    .text.HAL_UARTEx_ReceiveToIdle_DMA  stm32f1xx_hal_uart.o
    0x08002676   0x08002676   0x00000002   PAD
    0x08002678   0x08002678   0x0000008c   Code   RO           11    .text.HAL_UARTEx_RxEventCallback  main.o
    0x08002704   0x08002704   0x00000002   Code   RO          897    .text.HAL_UART_ErrorCallback  stm32f1xx_hal_uart.o
    0x08002706   0x08002706   0x00000002   PAD
    0x08002708   0x08002708   0x00000564   Code   RO          891    .text.HAL_UART_IRQHandler  stm32f1xx_hal_uart.o
    0x08002c6c   0x08002c6c   0x000000de   Code   RO          815    .text.HAL_UART_Init  stm32f1xx_hal_uart.o
    0x08002d4a   0x08002d4a   0x00000002   PAD
    0x08002d4c   0x08002d4c   0x0000016c   Code   RO           89    .text.HAL_UART_MspInit  usart.o
    0x08002eb8   0x08002eb8   0x00000002   Code   RO          905    .text.HAL_UART_RxCpltCallback  stm32f1xx_hal_uart.o
    0x08002eba   0x08002eba   0x00000002   PAD
    0x08002ebc   0x08002ebc   0x00000002   Code   RO          907    .text.HAL_UART_RxHalfCpltCallback  stm32f1xx_hal_uart.o
    0x08002ebe   0x08002ebe   0x00000002   PAD
    0x08002ec0   0x08002ec0   0x00000002   Code   RO          901    .text.HAL_UART_TxCpltCallback  stm32f1xx_hal_uart.o
    0x08002ec2   0x08002ec2   0x00000002   PAD
    0x08002ec4   0x08002ec4   0x00000002   Code   RO          107    .text.HardFault_Handler  stm32f1xx_it.o
    0x08002ec6   0x08002ec6   0x00000002   PAD
    0x08002ec8   0x08002ec8   0x0000005a   Code   RO         1005    .text.IIC_GPIO_Init  iic.o
    0x08002f22   0x08002f22   0x00000002   PAD
    0x08002f24   0x08002f24   0x000001b4   Code   RO          997    .text.IIC_Read_Byte  iic.o
    0x080030d8   0x080030d8   0x00000118   Code   RO          995    .text.IIC_Send_Byte  iic.o
    0x080031f0   0x080031f0   0x00000036   Code   RO          991    .text.IIC_Start     iic.o
    0x08003226   0x08003226   0x00000002   PAD
    0x08003228   0x08003228   0x0000002c   Code   RO          993    .text.IIC_Stop      iic.o
    0x08003254   0x08003254   0x00000040   Code   RO         1003    .text.IIC_Wait_Ack  iic.o
    0x08003294   0x08003294   0x00000042   Code   RO         1217    .text.MPU_Get_Gyroscope  mpu6050.o
    0x080032d6   0x080032d6   0x00000002   PAD
    0x080032d8   0x080032d8   0x000000bc   Code   RO         1199    .text.MPU_Init      mpu6050.o
    0x08003394   0x08003394   0x00000070   Code   RO         1215    .text.MPU_Read_Len  mpu6050.o
    0x08003404   0x08003404   0x00000044   Code   RO         1201    .text.MPU_Write_Byte  mpu6050.o
    0x08003448   0x08003448   0x0000005a   Code   RO         1221    .text.MPU_Write_Len  mpu6050.o
    0x080034a2   0x080034a2   0x00000002   PAD
    0x080034a4   0x080034a4   0x00000044   Code   RO           53    .text.MX_DMA_Init   dma.o
    0x080034e8   0x080034e8   0x000000ba   Code   RO           44    .text.MX_GPIO_Init  gpio.o
    0x080035a2   0x080035a2   0x00000002   PAD
    0x080035a4   0x080035a4   0x0000012a   Code   RO           62    .text.MX_TIM2_Init  tim.o
    0x080036ce   0x080036ce   0x00000002   PAD
    0x080036d0   0x080036d0   0x00000122   Code   RO           66    .text.MX_TIM3_Init  tim.o
    0x080037f2   0x080037f2   0x00000002   PAD
    0x080037f4   0x080037f4   0x00000076   Code   RO           68    .text.MX_TIM4_Init  tim.o
    0x0800386a   0x0800386a   0x00000002   PAD
    0x0800386c   0x0800386c   0x0000003c   Code   RO           85    .text.MX_USART2_UART_Init  usart.o
    0x080038a8   0x080038a8   0x0000003c   Code   RO           87    .text.MX_USART3_UART_Init  usart.o
    0x080038e4   0x080038e4   0x00000002   Code   RO          109    .text.MemManage_Handler  stm32f1xx_it.o
    0x080038e6   0x080038e6   0x00000002   PAD
    0x080038e8   0x080038e8   0x00000002   Code   RO          105    .text.NMI_Handler   stm32f1xx_it.o
    0x080038ea   0x080038ea   0x00000002   PAD
    0x080038ec   0x080038ec   0x00000092   Code   RO          964    .text.OLED_Clear    oled.o
    0x0800397e   0x0800397e   0x00000002   PAD
    0x08003980   0x08003980   0x00000122   Code   RO          956    .text.OLED_I2C_SendByte  oled.o
    0x08003aa2   0x08003aa2   0x00000002   PAD
    0x08003aa4   0x08003aa4   0x000000e2   Code   RO          980    .text.OLED_Init     oled.o
    0x08003b86   0x08003b86   0x00000002   PAD
    0x08003b88   0x08003b88   0x000000d8   Code   RO          966    .text.OLED_ShowChar  oled.o
    0x08003c60   0x08003c60   0x000000b2   Code   RO          972    .text.OLED_ShowNum  oled.o
    0x08003d12   0x08003d12   0x00000002   PAD
    0x08003d14   0x08003d14   0x0000002a   Code   RO          968    .text.OLED_ShowString  oled.o
    0x08003d3e   0x08003d3e   0x00000002   PAD
    0x08003d40   0x08003d40   0x00000068   Code   RO          958    .text.OLED_WriteCommand  oled.o
    0x08003da8   0x08003da8   0x00000068   Code   RO          960    .text.OLED_WriteData  oled.o
    0x08003e10   0x08003e10   0x00000114   Code   RO         1241    .text.PID_Calculate  pid.o
    0x08003f24   0x08003f24   0x00000034   Code   RO         1239    .text.PID_Init      pid.o
    0x08003f58   0x08003f58   0x00000002   Code   RO          119    .text.PendSV_Handler  stm32f1xx_it.o
    0x08003f5a   0x08003f5a   0x00000002   PAD
    0x08003f5c   0x08003f5c   0x00000002   Code   RO          115    .text.SVC_Handler   stm32f1xx_it.o
    0x08003f5e   0x08003f5e   0x00000002   PAD
    0x08003f60   0x08003f60   0x00000004   Code   RO          121    .text.SysTick_Handler  stm32f1xx_it.o
    0x08003f64   0x08003f64   0x00000002   Code   RO          935    .text.SystemInit    system_stm32f1xx.o
    0x08003f66   0x08003f66   0x00000002   PAD
    0x08003f68   0x08003f68   0x0000000c   Code   RO          129    .text.TIM4_IRQHandler  stm32f1xx_it.o
    0x08003f74   0x08003f74   0x0000000c   Code   RO          895    .text.UART_DMAAbortOnError  stm32f1xx_hal_uart.o
    0x08003f80   0x08003f80   0x0000017c   Code   RO          845    .text.UART_DMAError  stm32f1xx_hal_uart.o
    0x080040fc   0x080040fc   0x0000015e   Code   RO          923    .text.UART_DMAReceiveCplt  stm32f1xx_hal_uart.o
    0x0800425a   0x0800425a   0x00000002   PAD
    0x0800425c   0x0800425c   0x00000018   Code   RO          925    .text.UART_DMARxHalfCplt  stm32f1xx_hal_uart.o
    0x08004274   0x08004274   0x000000fe   Code   RO          893    .text.UART_Receive_IT  stm32f1xx_hal_uart.o
    0x08004372   0x08004372   0x00000002   PAD
    0x08004374   0x08004374   0x0000000c   Code   RO          131    .text.USART2_IRQHandler  stm32f1xx_it.o
    0x08004380   0x08004380   0x00000002   Code   RO          113    .text.UsageFault_Handler  stm32f1xx_it.o
    0x08004382   0x08004382   0x00000002   PAD
    0x08004384   0x08004384   0x0000029e   Code   RO         1163    .text.dmp_enable_feature  inv_mpu_dmp_motion_driver.o
    0x08004622   0x08004622   0x00000002   PAD
    0x08004624   0x08004624   0x00000016   Code   RO         1127    .text.dmp_load_motion_driver_firmware  inv_mpu_dmp_motion_driver.o
    0x0800463a   0x0800463a   0x00000002   PAD
    0x0800463c   0x0800463c   0x000001e4   Code   RO         1175    .text.dmp_read_fifo  inv_mpu_dmp_motion_driver.o
    0x08004820   0x08004820   0x000000be   Code   RO         1133    .text.dmp_set_accel_bias  inv_mpu_dmp_motion_driver.o
    0x080048de   0x080048de   0x00000002   PAD
    0x080048e0   0x080048e0   0x00000070   Code   RO         1135    .text.dmp_set_fifo_rate  inv_mpu_dmp_motion_driver.o
    0x08004950   0x08004950   0x000000c4   Code   RO         1131    .text.dmp_set_gyro_bias  inv_mpu_dmp_motion_driver.o
    0x08004a14   0x08004a14   0x000000e8   Code   RO         1129    .text.dmp_set_orientation  inv_mpu_dmp_motion_driver.o
    0x08004afc   0x08004afc   0x00000126   Code   RO         1139    .text.dmp_set_tap_thresh  inv_mpu_dmp_motion_driver.o
    0x08004c22   0x08004c22   0x00000002   PAD
    0x08004c24   0x08004c24   0x00000334   Code   RO         1085    .text.get_st_biases  inv_mpu.o
    0x08004f58   0x08004f58   0x000000dc   Code   RO         1105    .text.inv_orientation_matrix_to_scalar  inv_mpu.o
    0x08005034   0x08005034   0x00000848   Code   RO           25    .text.main          main.o
    0x0800587c   0x0800587c   0x00000002   Code   RO         1043    .text.mget_ms       inv_mpu.o
    0x0800587e   0x0800587e   0x00000002   PAD
    0x08005880   0x08005880   0x000000b0   Code   RO         1031    .text.mpu_configure_fifo  inv_mpu.o
    0x08005930   0x08005930   0x000001da   Code   RO         1111    .text.mpu_dmp_get_data  inv_mpu.o
    0x08005b0a   0x08005b0a   0x00000002   PAD
    0x08005b0c   0x08005b0c   0x000000fa   Code   RO         1109    .text.mpu_dmp_init  inv_mpu.o
    0x08005c06   0x08005c06   0x00000002   PAD
    0x08005c08   0x08005c08   0x0000003c   Code   RO         1055    .text.mpu_get_accel_fsr  inv_mpu.o
    0x08005c44   0x08005c44   0x00000044   Code   RO         1067    .text.mpu_get_accel_sens  inv_mpu.o
    0x08005c88   0x08005c88   0x00000148   Code   RO         1021    .text.mpu_init      inv_mpu.o
    0x08005dd0   0x08005dd0   0x00000142   Code   RO         1091    .text.mpu_load_firmware  inv_mpu.o
    0x08005f12   0x08005f12   0x00000002   PAD
    0x08005f14   0x08005f14   0x0000021c   Code   RO         1037    .text.mpu_lp_accel_mode  inv_mpu.o
    0x08006130   0x08006130   0x000000ba   Code   RO         1077    .text.mpu_read_fifo_stream  inv_mpu.o
    0x080061ea   0x080061ea   0x00000002   PAD
    0x080061ec   0x080061ec   0x00000182   Code   RO         1051    .text.mpu_reset_fifo  inv_mpu.o
    0x0800636e   0x0800636e   0x00000002   PAD
    0x08006370   0x08006370   0x0000092c   Code   RO         1081    .text.mpu_run_self_test  inv_mpu.o
    0x08006c9c   0x08006c9c   0x0000009a   Code   RO         1025    .text.mpu_set_accel_fsr  inv_mpu.o
    0x08006d36   0x08006d36   0x00000002   PAD
    0x08006d38   0x08006d38   0x000000ee   Code   RO         1033    .text.mpu_set_bypass  inv_mpu.o
    0x08006e26   0x08006e26   0x00000002   PAD
    0x08006e28   0x08006e28   0x000000e0   Code   RO         1083    .text.mpu_set_dmp_state  inv_mpu.o
    0x08006f08   0x08006f08   0x0000009c   Code   RO         1027    .text.mpu_set_lpf   inv_mpu.o
    0x08006fa4   0x08006fa4   0x00000146   Code   RO         1029    .text.mpu_set_sample_rate  inv_mpu.o
    0x080070ea   0x080070ea   0x00000002   PAD
    0x080070ec   0x080070ec   0x000000ea   Code   RO         1035    .text.mpu_set_sensors  inv_mpu.o
    0x080071d6   0x080071d6   0x00000002   PAD
    0x080071d8   0x080071d8   0x00000064   Code   RO         1087    .text.mpu_write_mem  inv_mpu.o
    0x0800723c   0x0800723c   0x000000f4   Code   RO         1103    .text.run_self_test  inv_mpu.o
    0x08007330   0x08007330   0x0000003e   Code   RO         1457    CL$$btod_d2e        c_w.l(btod.o)
    0x0800736e   0x0800736e   0x00000046   Code   RO         1459    CL$$btod_d2e_denorm_low  c_w.l(btod.o)
    0x080073b4   0x080073b4   0x00000060   Code   RO         1458    CL$$btod_d2e_norm_op1  c_w.l(btod.o)
    0x08007414   0x08007414   0x00000338   Code   RO         1467    CL$$btod_div_common  c_w.l(btod.o)
    0x0800774c   0x0800774c   0x000000dc   Code   RO         1464    CL$$btod_e2e        c_w.l(btod.o)
    0x08007828   0x08007828   0x0000002a   Code   RO         1461    CL$$btod_ediv       c_w.l(btod.o)
    0x08007852   0x08007852   0x0000002a   Code   RO         1460    CL$$btod_emul       c_w.l(btod.o)
    0x0800787c   0x0800787c   0x00000244   Code   RO         1466    CL$$btod_mult_common  c_w.l(btod.o)
    0x08007ac0   0x08007ac0   0x00000028   Code   RO         1412    i.__ARM_fpclassify  m_ws.l(fpclassify.o)
    0x08007ae8   0x08007ae8   0x000000aa   Code   RO         1414    i.__kernel_poly     m_ws.l(poly.o)
    0x08007b92   0x08007b92   0x00000006   Code   RO         1399    i.__mathlib_dbl_infnan  m_ws.l(dunder.o)
    0x08007b98   0x08007b98   0x00000004   Code   RO         1400    i.__mathlib_dbl_infnan2  m_ws.l(dunder.o)
    0x08007b9c   0x08007b9c   0x0000000c   Code   RO         1401    i.__mathlib_dbl_invalid  m_ws.l(dunder.o)
    0x08007ba8   0x08007ba8   0x00000010   Code   RO         1404    i.__mathlib_dbl_underflow  m_ws.l(dunder.o)
    0x08007bb8   0x08007bb8   0x0000000e   Code   RO         1272    i._is_digit         c_w.l(__printf_wp.o)
    0x08007bc6   0x08007bc6   0x00000002   PAD
    0x08007bc8   0x08007bc8   0x00000270   Code   RO         1346    i.asin              m_ws.l(asin.o)
    0x08007e38   0x08007e38   0x00000220   Code   RO         1394    i.atan              m_ws.l(atan.o)
    0x08008058   0x08008058   0x0000019c   Code   RO         1351    i.atan2             m_ws.l(atan2.o)
    0x080081f4   0x080081f4   0x0000004c   Code   RO         1418    i.sqrt              m_ws.l(sqrt.o)
    0x08008240   0x08008240   0x0000002c   Code   RO         1482    locale$$code        c_w.l(lc_numeric_c.o)
    0x0800826c   0x0800826c   0x00000062   Code   RO         1293    x$fpl$d2f           fz_ws.l(d2f.o)
    0x080082ce   0x080082ce   0x00000002   PAD
    0x080082d0   0x080082d0   0x00000150   Code   RO         1295    x$fpl$dadd          fz_ws.l(daddsub_clz.o)
    0x08008420   0x08008420   0x00000010   Code   RO         1484    x$fpl$dcheck1       fz_ws.l(dcheck1.o)
    0x08008430   0x08008430   0x00000018   Code   RO         1486    x$fpl$dcmpinf       fz_ws.l(dcmpi.o)
    0x08008448   0x08008448   0x000002b4   Code   RO         1302    x$fpl$ddiv          fz_ws.l(ddiv.o)
    0x080086fc   0x080086fc   0x00000078   Code   RO         1374    x$fpl$deqf          fz_ws.l(deqf.o)
    0x08008774   0x08008774   0x0000005e   Code   RO         1305    x$fpl$dfix          fz_ws.l(dfix.o)
    0x080087d2   0x080087d2   0x0000002e   Code   RO         1310    x$fpl$dflt          fz_ws.l(dflt_clz.o)
    0x08008800   0x08008800   0x00000154   Code   RO         1315    x$fpl$dmul          fz_ws.l(dmul.o)
    0x08008954   0x08008954   0x0000009c   Code   RO         1376    x$fpl$dnaninf       fz_ws.l(dnaninf.o)
    0x080089f0   0x080089f0   0x0000000c   Code   RO         1378    x$fpl$dretinf       fz_ws.l(dretinf.o)
    0x080089fc   0x080089fc   0x00000016   Code   RO         1296    x$fpl$drsb          fz_ws.l(daddsub_clz.o)
    0x08008a12   0x08008a12   0x00000002   PAD
    0x08008a14   0x08008a14   0x000001cc   Code   RO         1488    x$fpl$dsqrt         fz_ws.l(dsqrt_noumaal.o)
    0x08008be0   0x08008be0   0x000001dc   Code   RO         1297    x$fpl$dsub          fz_ws.l(daddsub_clz.o)
    0x08008dbc   0x08008dbc   0x00000056   Code   RO         1317    x$fpl$f2d           fz_ws.l(f2d.o)
    0x08008e12   0x08008e12   0x00000002   PAD
    0x08008e14   0x08008e14   0x000000c4   Code   RO         1319    x$fpl$fadd          fz_ws.l(faddsub_clz.o)
    0x08008ed8   0x08008ed8   0x00000054   Code   RO         1325    x$fpl$fcmp          fz_ws.l(fcmp.o)
    0x08008f2c   0x08008f2c   0x00000018   Code   RO         1490    x$fpl$fcmpinf       fz_ws.l(fcmpi.o)
    0x08008f44   0x08008f44   0x00000184   Code   RO         1328    x$fpl$fdiv          fz_ws.l(fdiv.o)
    0x080090c8   0x080090c8   0x00000068   Code   RO         1380    x$fpl$feqf          fz_ws.l(feqf.o)
    0x08009130   0x08009130   0x00000036   Code   RO         1331    x$fpl$ffix          fz_ws.l(ffix.o)
    0x08009166   0x08009166   0x00000002   PAD
    0x08009168   0x08009168   0x00000030   Code   RO         1336    x$fpl$fflt          fz_ws.l(fflt_clz.o)
    0x08009198   0x08009198   0x00000026   Code   RO         1335    x$fpl$ffltu         fz_ws.l(fflt_clz.o)
    0x080091be   0x080091be   0x00000002   PAD
    0x080091c0   0x080091c0   0x00000068   Code   RO         1382    x$fpl$fgeqf         fz_ws.l(fgeqf.o)
    0x08009228   0x08009228   0x00000068   Code   RO         1384    x$fpl$fleqf         fz_ws.l(fleqf.o)
    0x08009290   0x08009290   0x00000102   Code   RO         1341    x$fpl$fmul          fz_ws.l(fmul.o)
    0x08009392   0x08009392   0x0000008c   Code   RO         1386    x$fpl$fnaninf       fz_ws.l(fnaninf.o)
    0x0800941e   0x0800941e   0x0000000a   Code   RO         1388    x$fpl$fretinf       fz_ws.l(fretinf.o)
    0x08009428   0x08009428   0x000000ea   Code   RO         1321    x$fpl$fsub          fz_ws.l(faddsub_clz.o)
    0x08009512   0x08009512   0x00000004   Code   RO         1343    x$fpl$printf1       fz_ws.l(printf1.o)
    0x08009516   0x08009516   0x00000064   Code   RO         1562    x$fpl$retnan        fz_ws.l(retnan.o)
    0x0800957a   0x0800957a   0x0000005c   Code   RO         1390    x$fpl$scalbn        fz_ws.l(scalbn.o)
    0x080095d6   0x080095d6   0x00000030   Code   RO         1578    x$fpl$trapveneer    fz_ws.l(trapv.o)
    0x08009606   0x08009606   0x00000000   Code   RO         1392    x$fpl$usenofp       fz_ws.l(usenofp.o)
    0x08009606   0x08009606   0x00000002   PAD
    0x08009608   0x08009608   0x00000050   Data   RO         1347    .constdata          m_ws.l(asin.o)
    0x08009658   0x08009658   0x00000098   Data   RO         1395    .constdata          m_ws.l(atan.o)
    0x080096f0   0x080096f0   0x00000008   Data   RO         1416    .constdata          m_ws.l(qnan.o)
    0x080096f8   0x080096f8   0x00000094   Data   RO         1455    .constdata          c_w.l(bigflt0.o)
    0x0800978c   0x0800978c   0x00000003   Data   RO         1183    .rodata..L__const.dmp_set_orientation.accel_axes  inv_mpu_dmp_motion_driver.o
    0x0800978f   0x0800978f   0x00000003   Data   RO         1182    .rodata..L__const.dmp_set_orientation.gyro_axes  inv_mpu_dmp_motion_driver.o
    0x08009792   0x08009792   0x00000010   Data   RO          940    .rodata.AHBPrescTable  system_stm32f1xx.o
    0x080097a2   0x080097a2   0x00000008   Data   RO          941    .rodata.APBPrescTable  system_stm32f1xx.o
    0x080097aa   0x080097aa   0x00000002   Data   RO          571    .rodata.HAL_RCC_GetSysClockFreq.aPredivFactorTable  stm32f1xx_hal_rcc.o
    0x080097ac   0x080097ac   0x000005f0   Data   RO          982    .rodata.OLED_F8x16  oled.o
    0x08009d9c   0x08009d9c   0x00000010   Data   RO          570    .rodata.cst16       stm32f1xx_hal_rcc.o
    0x08009dac   0x08009dac   0x00000bf6   Data   RO         1181    .rodata.dmp_memory  inv_mpu_dmp_motion_driver.o
    0x0800a9a2   0x0800a9a2   0x0000000c   Data   RO         1114    .rodata.hw          inv_mpu.o
    0x0800a9ae   0x0800a9ae   0x0000001b   Data   RO         1113    .rodata.reg         inv_mpu.o
    0x0800a9c9   0x0800a9c9   0x0000003c   Data   RO           31    .rodata.str1.1      main.o
    0x0800aa05   0x0800aa05   0x00000003   PAD
    0x0800aa08   0x0800aa08   0x00000028   Data   RO         1115    .rodata.test        inv_mpu.o
    0x0800aa30   0x0800aa30   0x00000020   Data   RO         1654    Region$$Table       anon$$obj.o
    0x0800aa50   0x0800aa50   0x0000001c   Data   RO         1481    locale$$data        c_w.l(lc_numeric_c.o)


    Execution Region RW_IRAM1 (Exec base: 0x20000000, Load base: 0x0800aa70, Size: 0x000009b0, Max: 0x00005000, ABSOLUTE)

    Exec Addr    Load Addr    Size         Type   Attr      Idx    E Section Name        Object

    0x20000000   0x0800aa70   0x00000008   Data   RW           33    .data..L_MergedGlobals  main.o
    0x20000008   0x0800aa78   0x00000008   Data   RW          533    .data..L_MergedGlobals  stm32f1xx_hal.o
    0x20000010   0x0800aa80   0x00000038   Data   RW         1118    .data..L_MergedGlobals  inv_mpu.o
    0x20000048   0x0800aab8   0x00000004   Data   RW          939    .data.SystemCoreClock  system_stm32f1xx.o
    0x2000004c   0x0800aabc   0x00000004   PAD
    0x20000050        -       0x00000060   Zero   RW         1495    .bss                c_w.l(libspace.o)
    0x200000b0        -       0x00000010   Zero   RW         1190    .bss..L_MergedGlobals  inv_mpu_dmp_motion_driver.o
    0x200000c0        -       0x0000007c   Zero   RW           34    .bss..L_MergedGlobals.12  main.o
    0x2000013c        -       0x00000078   Zero   RW           35    .bss..L_MergedGlobals.13  main.o
    0x200001b4        -       0x00000002   Zero   RW         1184    .bss.dmp.2          inv_mpu_dmp_motion_driver.o
    0x200001b6   0x0800aabc   0x00000002   PAD
    0x200001b8        -       0x00000002   Zero   RW         1185    .bss.dmp.4          inv_mpu_dmp_motion_driver.o
    0x200001ba   0x0800aabc   0x00000002   PAD
    0x200001bc        -       0x00000044   Zero   RW           95    .bss.hdma_usart2_rx  usart.o
    0x20000200        -       0x00000044   Zero   RW           96    .bss.hdma_usart2_tx  usart.o
    0x20000244        -       0x00000048   Zero   RW           74    .bss.htim2          tim.o
    0x2000028c        -       0x00000048   Zero   RW           75    .bss.htim3          tim.o
    0x200002d4        -       0x00000048   Zero   RW           76    .bss.htim4          tim.o
    0x2000031c        -       0x00000048   Zero   RW           93    .bss.huart2         usart.o
    0x20000364        -       0x00000048   Zero   RW           94    .bss.huart3         usart.o
    0x200003ac        -       0x00000004   Zero   RW          532    .bss.uwTick         stm32f1xx_hal.o
    0x200003b0        -       0x00000200   Zero   RW            2    HEAP                startup_stm32f103xb.o
    0x200005b0        -       0x00000400   Zero   RW            1    STACK               startup_stm32f103xb.o


==============================================================================

Image component sizes


      Code (inc. data)   RO Data    RW Data    ZI Data      Debug   Object Name

        68          0          0          0          0       2178   dma.o
       186          0          0          0          0       2658   gpio.o
       968          0          0          0          0       3881   iic.o
      7856        100         79         56          0      32591   inv_mpu.o
      2200          8       3068          0         20      10821   inv_mpu_dmp_motion_driver.o
      2292         48         60          8        244      11864   main.o
       524          0          0          0          0       5056   mpu6050.o
      1306          0       1520          0          0       8116   oled.o
       328          0          0          0          0       1748   pid.o
        64         26        236          0       1536        796   startup_stm32f103xb.o
       188          0          0          8          4       5750   stm32f1xx_hal.o
       194          0          0          0          0       8476   stm32f1xx_hal_cortex.o
       956          0          0          0          0       8429   stm32f1xx_hal_dma.o
       572         22          0          0          0       4617   stm32f1xx_hal_gpio.o
        66          0          0          0          0       1204   stm32f1xx_hal_msp.o
      1470          0         18          0          0       7659   stm32f1xx_hal_rcc.o
      1996          6          0          0          0      55253   stm32f1xx_hal_tim.o
       126          0          0          0          0      20666   stm32f1xx_hal_tim_ex.o
      3116          0          0          0          0      32531   stm32f1xx_hal_uart.o
        76          0          0          0          0       5995   stm32f1xx_it.o
         2          0         24          4          0       1630   system_stm32f1xx.o
       852          0          0          0        216       7684   tim.o
       484          0          0          0        280       5944   usart.o

    ----------------------------------------------------------------------
     26036        210       5040         76       2308     245547   Object Totals
         0          0         32          0          0          0   (incl. Generated)
       146          0          3          0          8          0   (incl. Padding)

    ----------------------------------------------------------------------

      Code (inc. data)   RO Data    RW Data    ZI Data      Debug   Library Member Name

         8          0          0          0          0         68   __main.o
       284          0          0          0          0        156   __printf_wp.o
         0          0          0          0          0          0   __rtentry.o
        12          0          0          0          0          0   __rtentry2.o
         6          0          0          0          0          0   __rtentry4.o
        52          8          0          0          0          0   __scatter.o
        26          0          0          0          0          0   __scatter_copy.o
        28          0          0          0          0          0   __scatter_zi.o
        48          6          0          0          0         96   _printf_char_common.o
         6          0          0          0          0          0   _printf_d.o
       120         16          0          0          0         92   _printf_dec.o
         6          0          0          0          0          0   _printf_f.o
      1052          0          0          0          0        148   _printf_fp_dec.o
       128         16          0          0          0         84   _printf_fp_infnan.o
       178          0          0          0          0         88   _printf_intcommon.o
         0          0          0          0          0          0   _printf_percent.o
         4          0          0          0          0          0   _printf_percent_end.o
        22          0          0          0          0        100   _rserrno.o
        10          0          0          0          0         68   _sputc.o
       228          4        148          0          0         96   bigflt0.o
      1936        128          0          0          0        668   btod.o
        18          0          0          0          0         80   exit.o
         6          0          0          0          0        152   heapauxi.o
         0          0          0          0          0          0   indicate_semi.o
        44         10         28          0          0         76   lc_numeric_c.o
         2          0          0          0          0          0   libinit.o
        18          0          0          0          0          0   libinit2.o
         2          0          0          0          0          0   libshutdown.o
         2          0          0          0          0          0   libshutdown2.o
         8          4          0          0         96         68   libspace.o
       116          0          0          0          0         84   llsdiv.o
       138          0          0          0          0         80   lludiv10.o
       240          0          0          0          0        100   lludivv7m.o
        88          0          0          0          0         76   memcmp.o
        40          6          0          0          0         84   noretval__2sprintf.o
         8          4          0          0          0         68   rt_errno_addr_intlibspace.o
         8          4          0          0          0         68   rt_locale_intlibspace.o
        78          0          0          0          0         80   rt_memclr_w.o
         2          0          0          0          0          0   rtexit.o
        10          0          0          0          0          0   rtexit2.o
       128          0          0          0          0         68   strcmpv7m.o
        12          4          0          0          0         68   sys_exit.o
        74          0          0          0          0         80   sys_stackheap_outer.o
         2          0          0          0          0         68   use_no_semi.o
        98          4          0          0          0         92   d2f.o
       834         16          0          0          0        372   daddsub_clz.o
        16          4          0          0          0         68   dcheck1.o
        24          0          0          0          0         68   dcmpi.o
       692        140          0          0          0        216   ddiv.o
       120          4          0          0          0         92   deqf.o
        94          4          0          0          0         92   dfix.o
        46          0          0          0          0         68   dflt_clz.o
       340         12          0          0          0        104   dmul.o
       156          4          0          0          0         92   dnaninf.o
        12          0          0          0          0         68   dretinf.o
       460         56          0          0          0        120   dsqrt_noumaal.o
        86          4          0          0          0         84   f2d.o
       430          8          0          0          0        168   faddsub_clz.o
        84          0          0          0          0        196   fcmp.o
        24          0          0          0          0         68   fcmpi.o
       388         76          0          0          0         96   fdiv.o
       104          4          0          0          0         84   feqf.o
        54          4          0          0          0         84   ffix.o
        86          0          0          0          0        136   fflt_clz.o
       104          4          0          0          0         84   fgeqf.o
       104          4          0          0          0         84   fleqf.o
       258          4          0          0          0         84   fmul.o
       140          4          0          0          0         84   fnaninf.o
        10          0          0          0          0         68   fretinf.o
         4          0          0          0          0         68   printf1.o
       100          0          0          0          0         68   retnan.o
        92          0          0          0          0         68   scalbn.o
        48          0          0          0          0         68   trapv.o
         0          0          0          0          0          0   usenofp.o
       624         52         80          0          0        168   asin.o
       544         70        152          0          0        124   atan.o
       412         38          0          0          0        144   atan2.o
        38          6          0          0          0        272   dunder.o
        40          0          0          0          0         68   fpclassify.o
       170          0          0          0          0         96   poly.o
         0          0          8          0          0          0   qnan.o
        76          0          0          0          0         84   sqrt.o

    ----------------------------------------------------------------------
     12136        732        416          0         96       6964   Library Totals
        26          0          0          0          0          0   (incl. Padding)

    ----------------------------------------------------------------------

      Code (inc. data)   RO Data    RW Data    ZI Data      Debug   Library Name

      5198        210        176          0         96       2964   c_w.l
      5008        356          0          0          0       3044   fz_ws.l
      1904        166        240          0          0        956   m_ws.l

    ----------------------------------------------------------------------
     12136        732        416          0         96       6964   Library Totals

    ----------------------------------------------------------------------

==============================================================================


      Code (inc. data)   RO Data    RW Data    ZI Data      Debug   

     38172        942       5456         76       2404     248291   Grand Totals
     38172        942       5456         76       2404     248291   ELF Image Totals
     38172        942       5456         76          0          0   ROM Totals

==============================================================================

    Total RO  Size (Code + RO Data)                43628 (  42.61kB)
    Total RW  Size (RW Data + ZI Data)              2480 (   2.42kB)
    Total ROM Size (Code + RO Data + RW Data)      43704 (  42.68kB)

==============================================================================

